Archive member included to satisfy reference by file (symbol)

/usr/lib/gcc/arm-none-eabi/5.4.1/../../../arm-none-eabi/lib/armv7e-m/fpu/fpv5-d16/libc_nano.a(lib_a-atexit.o)
                              /usr/lib/gcc/arm-none-eabi/5.4.1/../../../arm-none-eabi/lib/armv7e-m/fpu/fpv5-d16/crt0.o (atexit)
/usr/lib/gcc/arm-none-eabi/5.4.1/../../../arm-none-eabi/lib/armv7e-m/fpu/fpv5-d16/libc_nano.a(lib_a-exit.o)
                              /usr/lib/gcc/arm-none-eabi/5.4.1/../../../arm-none-eabi/lib/armv7e-m/fpu/fpv5-d16/crt0.o (exit)
/usr/lib/gcc/arm-none-eabi/5.4.1/../../../arm-none-eabi/lib/armv7e-m/fpu/fpv5-d16/libc_nano.a(lib_a-fini.o)
                              /usr/lib/gcc/arm-none-eabi/5.4.1/../../../arm-none-eabi/lib/armv7e-m/fpu/fpv5-d16/crt0.o (__libc_fini_array)
/usr/lib/gcc/arm-none-eabi/5.4.1/../../../arm-none-eabi/lib/armv7e-m/fpu/fpv5-d16/libc_nano.a(lib_a-impure.o)
                              /usr/lib/gcc/arm-none-eabi/5.4.1/../../../arm-none-eabi/lib/armv7e-m/fpu/fpv5-d16/libc_nano.a(lib_a-exit.o) (_global_impure_ptr)
/usr/lib/gcc/arm-none-eabi/5.4.1/../../../arm-none-eabi/lib/armv7e-m/fpu/fpv5-d16/libc_nano.a(lib_a-init.o)
                              /usr/lib/gcc/arm-none-eabi/5.4.1/../../../arm-none-eabi/lib/armv7e-m/fpu/fpv5-d16/crt0.o (__libc_init_array)
/usr/lib/gcc/arm-none-eabi/5.4.1/../../../arm-none-eabi/lib/armv7e-m/fpu/fpv5-d16/libc_nano.a(lib_a-malloc.o)
                              CMakeFiles/hello_world.elf.dir/opt/IMX_SDK/SDK_ARM_LINUX/devices/MIMXRT1064/drivers/fsl_common.c.obj (malloc)
/usr/lib/gcc/arm-none-eabi/5.4.1/../../../arm-none-eabi/lib/armv7e-m/fpu/fpv5-d16/libc_nano.a(lib_a-memset.o)
                              /usr/lib/gcc/arm-none-eabi/5.4.1/../../../arm-none-eabi/lib/armv7e-m/fpu/fpv5-d16/crt0.o (memset)
/usr/lib/gcc/arm-none-eabi/5.4.1/../../../arm-none-eabi/lib/armv7e-m/fpu/fpv5-d16/libc_nano.a(lib_a-nano-freer.o)
                              /usr/lib/gcc/arm-none-eabi/5.4.1/../../../arm-none-eabi/lib/armv7e-m/fpu/fpv5-d16/libc_nano.a(lib_a-malloc.o) (_free_r)
/usr/lib/gcc/arm-none-eabi/5.4.1/../../../arm-none-eabi/lib/armv7e-m/fpu/fpv5-d16/libc_nano.a(lib_a-nano-mallocr.o)
                              /usr/lib/gcc/arm-none-eabi/5.4.1/../../../arm-none-eabi/lib/armv7e-m/fpu/fpv5-d16/libc_nano.a(lib_a-malloc.o) (_malloc_r)
/usr/lib/gcc/arm-none-eabi/5.4.1/../../../arm-none-eabi/lib/armv7e-m/fpu/fpv5-d16/libc_nano.a(lib_a-sbrkr.o)
                              /usr/lib/gcc/arm-none-eabi/5.4.1/../../../arm-none-eabi/lib/armv7e-m/fpu/fpv5-d16/libc_nano.a(lib_a-nano-mallocr.o) (_sbrk_r)
/usr/lib/gcc/arm-none-eabi/5.4.1/../../../arm-none-eabi/lib/armv7e-m/fpu/fpv5-d16/libc_nano.a(lib_a-strlen.o)
                              CMakeFiles/hello_world.elf.dir/opt/IMX_SDK/SDK_ARM_LINUX/devices/MIMXRT1064/utilities/str/fsl_str.c.obj (strlen)
/usr/lib/gcc/arm-none-eabi/5.4.1/../../../arm-none-eabi/lib/armv7e-m/fpu/fpv5-d16/libc_nano.a(lib_a-__atexit.o)
                              /usr/lib/gcc/arm-none-eabi/5.4.1/../../../arm-none-eabi/lib/armv7e-m/fpu/fpv5-d16/libc_nano.a(lib_a-atexit.o) (__register_exitproc)
/usr/lib/gcc/arm-none-eabi/5.4.1/../../../arm-none-eabi/lib/armv7e-m/fpu/fpv5-d16/libc_nano.a(lib_a-__call_atexit.o)
                              /usr/lib/gcc/arm-none-eabi/5.4.1/../../../arm-none-eabi/lib/armv7e-m/fpu/fpv5-d16/libc_nano.a(lib_a-__atexit.o) (__call_exitprocs)
/usr/lib/gcc/arm-none-eabi/5.4.1/../../../arm-none-eabi/lib/armv7e-m/fpu/fpv5-d16/libc_nano.a(lib_a-reent.o)
                              /usr/lib/gcc/arm-none-eabi/5.4.1/../../../arm-none-eabi/lib/armv7e-m/fpu/fpv5-d16/libc_nano.a(lib_a-sbrkr.o) (errno)
/usr/lib/gcc/arm-none-eabi/5.4.1/armv7e-m/fpu/fpv5-d16/libgcc.a(_aeabi_uldivmod.o)
                              CMakeFiles/hello_world.elf.dir/opt/IMX_SDK/SDK_ARM_LINUX/devices/MIMXRT1064/system_MIMXRT1064.c.obj (__aeabi_uldivmod)
/usr/lib/gcc/arm-none-eabi/5.4.1/armv7e-m/fpu/fpv5-d16/libgcc.a(_udivmoddi4.o)
                              /usr/lib/gcc/arm-none-eabi/5.4.1/armv7e-m/fpu/fpv5-d16/libgcc.a(_aeabi_uldivmod.o) (__udivmoddi4)
/usr/lib/gcc/arm-none-eabi/5.4.1/armv7e-m/fpu/fpv5-d16/libgcc.a(_dvmd_tls.o)
                              /usr/lib/gcc/arm-none-eabi/5.4.1/armv7e-m/fpu/fpv5-d16/libgcc.a(_aeabi_uldivmod.o) (__aeabi_ldiv0)
/usr/lib/gcc/arm-none-eabi/5.4.1/../../../arm-none-eabi/lib/armv7e-m/fpu/fpv5-d16/libnosys.a(sbrk.o)
                              /usr/lib/gcc/arm-none-eabi/5.4.1/../../../arm-none-eabi/lib/armv7e-m/fpu/fpv5-d16/libc_nano.a(lib_a-sbrkr.o) (_sbrk)
/usr/lib/gcc/arm-none-eabi/5.4.1/../../../arm-none-eabi/lib/armv7e-m/fpu/fpv5-d16/libnosys.a(_exit.o)
                              /usr/lib/gcc/arm-none-eabi/5.4.1/../../../arm-none-eabi/lib/armv7e-m/fpu/fpv5-d16/libc_nano.a(lib_a-exit.o) (_exit)

Allocating common symbols
Common symbol       size              file

[...]
Memory Configuration

Name             Origin             Length             Attributes
m_interrupts     0x0000000000000000 0x0000000000000400 xr
m_text           0x0000000000000400 0x000000000001fc00 xr
m_data           0x0000000020000000 0x0000000000020000 rw
m_data2          0x0000000020200000 0x00000000000c0000 rw
*default*        0x0000000000000000 0xffffffffffffffff

Linker script and memory map

LOAD /usr/lib/gcc/arm-none-eabi/5.4.1/armv7e-m/fpu/fpv5-d16/crti.o
LOAD /usr/lib/gcc/arm-none-eabi/5.4.1/armv7e-m/fpu/fpv5-d16/crtbegin.o
LOAD /usr/lib/gcc/arm-none-eabi/5.4.1/../../../arm-none-eabi/lib/armv7e-m/fpu/fpv5-d16/crt0.o
LOAD CMakeFiles/hello_world.elf.dir/opt/IMX_SDK/SDK_ARM_LINUX/boards/evkmimxrt1064/demo_apps/hello_world/hello_world.c.obj
LOAD CMakeFiles/hello_world.elf.dir/opt/IMX_SDK/SDK_ARM_LINUX/boards/evkmimxrt1064/demo_apps/hello_world/pin_mux.c.obj
LOAD CMakeFiles/hello_world.elf.dir/opt/IMX_SDK/SDK_ARM_LINUX/boards/evkmimxrt1064/demo_apps/hello_world/board.c.obj
LOAD CMakeFiles/hello_world.elf.dir/opt/IMX_SDK/SDK_ARM_LINUX/boards/evkmimxrt1064/demo_apps/hello_world/clock_config.c.obj
LOAD CMakeFiles/hello_world.elf.dir/opt/IMX_SDK/SDK_ARM_LINUX/devices/MIMXRT1064/drivers/fsl_clock.c.obj
LOAD CMakeFiles/hello_world.elf.dir/opt/IMX_SDK/SDK_ARM_LINUX/devices/MIMXRT1064/drivers/fsl_common.c.obj
LOAD CMakeFiles/hello_world.elf.dir/opt/IMX_SDK/SDK_ARM_LINUX/devices/MIMXRT1064/system_MIMXRT1064.c.obj
LOAD CMakeFiles/hello_world.elf.dir/opt/IMX_SDK/SDK_ARM_LINUX/devices/MIMXRT1064/utilities/debug_console/fsl_debug_console.c.obj
LOAD CMakeFiles/hello_world.elf.dir/opt/IMX_SDK/SDK_ARM_LINUX/devices/MIMXRT1064/utilities/str/fsl_str.c.obj
LOAD CMakeFiles/hello_world.elf.dir/opt/IMX_SDK/SDK_ARM_LINUX/components/uart/lpuart_adapter.c.obj
LOAD CMakeFiles/hello_world.elf.dir/opt/IMX_SDK/SDK_ARM_LINUX/components/serial_manager/serial_manager.c.obj
LOAD CMakeFiles/hello_world.elf.dir/opt/IMX_SDK/SDK_ARM_LINUX/components/serial_manager/serial_port_uart.c.obj
LOAD CMakeFiles/hello_world.elf.dir/opt/IMX_SDK/SDK_ARM_LINUX/devices/MIMXRT1064/drivers/fsl_lpuart.c.obj
LOAD CMakeFiles/hello_world.elf.dir/opt/IMX_SDK/SDK_ARM_LINUX/components/lists/generic_list.c.obj
LOAD CMakeFiles/hello_world.elf.dir/opt/IMX_SDK/SDK_ARM_LINUX/devices/MIMXRT1064/gcc/startup_MIMXRT1064.S.obj
LOAD CMakeFiles/hello_world.elf.dir/opt/IMX_SDK/SDK_ARM_LINUX/devices/MIMXRT1064/utilities/fsl_assert.c.obj
LOAD CMakeFiles/hello_world.elf.dir/opt/IMX_SDK/SDK_ARM_LINUX/devices/MIMXRT1064/drivers/fsl_gpio.c.obj
LOAD CMakeFiles/hello_world.elf.dir/opt/IMX_SDK/SDK_ARM_LINUX/devices/MIMXRT1064/xip/fsl_flexspi_nor_boot.c.obj
LOAD CMakeFiles/hello_world.elf.dir/opt/IMX_SDK/SDK_ARM_LINUX/boards/evkmimxrt1064/xip/evkmimxrt1064_flexspi_nor_config.c.obj
LOAD CMakeFiles/hello_world.elf.dir/opt/IMX_SDK/SDK_ARM_LINUX/boards/evkmimxrt1064/xip/evkmimxrt1064_sdram_ini_dcd.c.obj
START GROUP
LOAD /usr/lib/gcc/arm-none-eabi/5.4.1/../../../arm-none-eabi/lib/armv7e-m/fpu/fpv5-d16/libm.a
LOAD /usr/lib/gcc/arm-none-eabi/5.4.1/../../../arm-none-eabi/lib/armv7e-m/fpu/fpv5-d16/libc_nano.a
LOAD /usr/lib/gcc/arm-none-eabi/5.4.1/armv7e-m/fpu/fpv5-d16/libgcc.a
LOAD /usr/lib/gcc/arm-none-eabi/5.4.1/../../../arm-none-eabi/lib/armv7e-m/fpu/fpv5-d16/libnosys.a
END GROUP
START GROUP
LOAD /usr/lib/gcc/arm-none-eabi/5.4.1/armv7e-m/fpu/fpv5-d16/libgcc.a
LOAD /usr/lib/gcc/arm-none-eabi/5.4.1/../../../arm-none-eabi/lib/armv7e-m/fpu/fpv5-d16/libg_nano.a
LOAD /usr/lib/gcc/arm-none-eabi/5.4.1/../../../arm-none-eabi/lib/armv7e-m/fpu/fpv5-d16/libc_nano.a
END GROUP
START GROUP
LOAD /usr/lib/gcc/arm-none-eabi/5.4.1/armv7e-m/fpu/fpv5-d16/libgcc.a
LOAD /usr/lib/gcc/arm-none-eabi/5.4.1/../../../arm-none-eabi/lib/armv7e-m/fpu/fpv5-d16/libc_nano.a
LOAD /usr/lib/gcc/arm-none-eabi/5.4.1/../../../arm-none-eabi/lib/armv7e-m/fpu/fpv5-d16/libnosys.a
END GROUP
START GROUP
LOAD /usr/lib/gcc/arm-none-eabi/5.4.1/armv7e-m/fpu/fpv5-d16/libgcc.a
LOAD /usr/lib/gcc/arm-none-eabi/5.4.1/../../../arm-none-eabi/lib/armv7e-m/fpu/fpv5-d16/libc_nano.a
LOAD /usr/lib/gcc/arm-none-eabi/5.4.1/../../../arm-none-eabi/lib/armv7e-m/fpu/fpv5-d16/libnosys.a
END GROUP
LOAD /usr/lib/gcc/arm-none-eabi/5.4.1/armv7e-m/fpu/fpv5-d16/crtend.o
LOAD /usr/lib/gcc/arm-none-eabi/5.4.1/armv7e-m/fpu/fpv5-d16/crtn.o
                0x0000000000000400                HEAP_SIZE = DEFINED (__heap_size__)?__heap_size__:0x400
                0x0000000000000400                STACK_SIZE = DEFINED (__stack_size__)?__stack_size__:0x400

.interrupts     0x0000000000000000      0x400
                0x0000000000000000                __VECTOR_TABLE = .
                0x0000000000000000                . = ALIGN (0x4)
 *(.isr_vector)
 .isr_vector    0x0000000000000000      0x400 CMakeFiles/hello_world.elf.dir/opt/IMX_SDK/SDK_ARM_LINUX/devices/MIMXRT1064/gcc/startup_MIMXRT1064.S.obj
                0x0000000000000000                __isr_vector
                0x0000000000000400                . = ALIGN (0x4)
                0x0000000000000000                __VECTOR_RAM = __VECTOR_TABLE
                0x0000000000000000                __RAM_VECTOR_TABLE_SIZE_BYTES = 0x0

.text           0x0000000000000400     0x42b0
                0x0000000000000400                . = ALIGN (0x4)
 *(.text)
 .text          0x0000000000000400       0xa4 /usr/lib/gcc/arm-none-eabi/5.4.1/armv7e-m/fpu/fpv5-d16/crtbegin.o
 .text          0x00000000000004a4       0x68 /usr/lib/gcc/arm-none-eabi/5.4.1/../../../arm-none-eabi/lib/armv7e-m/fpu/fpv5-d16/crt0.o
                0x00000000000004a4                _mainCRTStartup
                0x00000000000004a4                _start
 .text          0x000000000000050c      0x258 CMakeFiles/hello_world.elf.dir/opt/IMX_SDK/SDK_ARM_LINUX/devices/MIMXRT1064/gcc/startup_MIMXRT1064.S.obj
                0x000000000000050c                Reset_Handler
                0x0000000000000598                USB_PHY1_IRQHandler
                0x0000000000000598                FLEXSPI2_DriverIRQHandler
                0x0000000000000598                LPSPI2_DriverIRQHandler
                0x0000000000000598                SJC_IRQHandler
                0x0000000000000598                ADC_ETC_IRQ0_IRQHandler
                0x0000000000000598                DebugMon_Handler
                0x0000000000000598                SAI3_RX_DriverIRQHandler
                0x0000000000000598                PXP_IRQHandler
                0x0000000000000598                DMA13_DMA29_DriverIRQHandler
                0x0000000000000598                Reserved86_IRQHandler
                0x0000000000000598                SRC_IRQHandler
                0x0000000000000598                LPSPI4_DriverIRQHandler
                0x0000000000000598                GPIO2_Combined_0_15_IRQHandler
                0x0000000000000598                SPDIF_DriverIRQHandler
                0x0000000000000598                GPIO1_INT2_IRQHandler
                0x0000000000000598                CSI_IRQHandler
                0x0000000000000598                ENET2_DriverIRQHandler
                0x0000000000000598                SNVS_LP_WRAPPER_IRQHandler
                0x0000000000000598                ENC2_IRQHandler
                0x0000000000000598                PWM2_2_IRQHandler
                0x0000000000000598                PWM4_FAULT_IRQHandler
                0x0000000000000598                GPIO1_INT7_IRQHandler
                0x0000000000000598                CCM_1_IRQHandler
                0x0000000000000598                CAN3_DriverIRQHandler
                0x0000000000000598                ADC_ETC_IRQ1_IRQHandler
                0x0000000000000598                DMA7_DMA23_DriverIRQHandler
                0x0000000000000598                CTI0_ERROR_IRQHandler
                0x0000000000000598                GPIO5_Combined_0_15_IRQHandler
                0x0000000000000598                PWM1_0_IRQHandler
                0x0000000000000598                Reserved68_IRQHandler
                0x0000000000000598                LPI2C3_DriverIRQHandler
                0x0000000000000598                USB_PHY2_IRQHandler
                0x0000000000000598                TSC_DIG_IRQHandler
                0x0000000000000598                GPIO4_Combined_0_15_IRQHandler
                0x0000000000000598                PWM2_0_IRQHandler
                0x0000000000000598                DCP_VMI_IRQHandler
                0x0000000000000598                DMA14_DMA30_DriverIRQHandler
                0x0000000000000598                ENET_1588_Timer_DriverIRQHandler
                0x0000000000000598                PWM2_1_IRQHandler
                0x0000000000000598                PWM2_FAULT_IRQHandler
                0x0000000000000598                FLEXIO2_DriverIRQHandler
                0x0000000000000598                UsageFault_Handler
                0x0000000000000598                WDOG1_IRQHandler
                0x0000000000000598                PMU_EVENT_IRQHandler
                0x0000000000000598                GPT1_IRQHandler
                0x0000000000000598                PWM4_1_IRQHandler
                0x0000000000000598                USB_OTG2_IRQHandler
                0x0000000000000598                ACMP4_IRQHandler
                0x0000000000000598                SEMC_IRQHandler
                0x0000000000000598                DMA0_DMA16_DriverIRQHandler
                0x0000000000000598                DefaultISR
                0x0000000000000598                PWM1_1_IRQHandler
                0x0000000000000598                DMA2_DMA18_DriverIRQHandler
                0x0000000000000598                PWM3_0_IRQHandler
                0x0000000000000598                USDHC1_DriverIRQHandler
                0x0000000000000598                PWM3_3_IRQHandler
                0x0000000000000598                GPIO1_INT0_IRQHandler
                0x0000000000000598                CSU_IRQHandler
                0x0000000000000598                ADC1_IRQHandler
                0x0000000000000598                FLEXIO1_DriverIRQHandler
                0x0000000000000598                ENET_DriverIRQHandler
                0x0000000000000598                GPIO1_Combined_16_31_IRQHandler
                0x0000000000000598                RTWDOG_IRQHandler
                0x0000000000000598                Reserved78_IRQHandler
                0x0000000000000598                SAI1_DriverIRQHandler
                0x0000000000000598                DMA12_DMA28_DriverIRQHandler
                0x0000000000000598                ENC3_IRQHandler
                0x0000000000000598                GPIO3_Combined_16_31_IRQHandler
                0x0000000000000598                EWM_IRQHandler
                0x0000000000000598                TEMP_LOW_HIGH_IRQHandler
                0x0000000000000598                WDOG2_IRQHandler
                0x0000000000000598                GPIO1_INT5_IRQHandler
                0x0000000000000598                FLEXSPI_DriverIRQHandler
                0x0000000000000598                PWM3_1_IRQHandler
                0x0000000000000598                PWM2_3_IRQHandler
                0x0000000000000598                CORE_IRQHandler
                0x0000000000000598                DMA10_DMA26_DriverIRQHandler
                0x0000000000000598                TEMP_PANIC_IRQHandler
                0x0000000000000598                GPIO1_INT6_IRQHandler
                0x0000000000000598                PWM1_2_IRQHandler
                0x0000000000000598                Reserved144_IRQHandler
                0x0000000000000598                GPR_IRQ_IRQHandler
                0x0000000000000598                GPC_IRQHandler
                0x0000000000000598                DCDC_IRQHandler
                0x0000000000000598                GPIO3_Combined_0_15_IRQHandler
                0x0000000000000598                PWM4_3_IRQHandler
                0x0000000000000598                DMA1_DMA17_DriverIRQHandler
                0x0000000000000598                USB_OTG1_IRQHandler
                0x0000000000000598                CAN2_DriverIRQHandler
                0x0000000000000598                GPIO5_Combined_16_31_IRQHandler
                0x0000000000000598                TMR2_IRQHandler
                0x0000000000000598                ADC_ETC_ERROR_IRQ_IRQHandler
                0x0000000000000598                DMA8_DMA24_DriverIRQHandler
                0x0000000000000598                PWM4_2_IRQHandler
                0x0000000000000598                DMA6_DMA22_DriverIRQHandler
                0x0000000000000598                BEE_IRQHandler
                0x0000000000000598                GPIO1_INT1_IRQHandler
                0x0000000000000598                ADC_ETC_IRQ2_IRQHandler
                0x0000000000000598                GPIO1_INT4_IRQHandler
                0x0000000000000598                CCM_2_IRQHandler
                0x0000000000000598                KPP_IRQHandler
                0x0000000000000598                ADC2_IRQHandler
                0x0000000000000598                USDHC2_DriverIRQHandler
                0x0000000000000598                MemManage_Handler
                0x0000000000000598                SAI2_DriverIRQHandler
                0x0000000000000598                PIT_IRQHandler
                0x0000000000000598                Reserved115_IRQHandler
                0x0000000000000598                SNVS_HP_WRAPPER_IRQHandler
                0x0000000000000598                DMA11_DMA27_DriverIRQHandler
                0x0000000000000598                XBAR1_IRQ_2_3_IRQHandler
                0x0000000000000598                PWM3_2_IRQHandler
                0x0000000000000598                LPI2C1_DriverIRQHandler
                0x0000000000000598                DCP_IRQHandler
                0x0000000000000598                ENET2_1588_Timer_DriverIRQHandler
                0x0000000000000598                Reserved171_IRQHandler
                0x0000000000000598                DMA4_DMA20_DriverIRQHandler
                0x0000000000000598                GPIO1_INT3_IRQHandler
                0x0000000000000598                DMA9_DMA25_DriverIRQHandler
                0x0000000000000598                GPIO1_Combined_0_15_IRQHandler
                0x0000000000000598                LPSPI1_DriverIRQHandler
                0x0000000000000598                DMA3_DMA19_DriverIRQHandler
                0x0000000000000598                TMR4_IRQHandler
                0x0000000000000598                ACMP3_IRQHandler
                0x0000000000000598                ENC1_IRQHandler
                0x0000000000000598                PWM1_FAULT_IRQHandler
                0x0000000000000598                Reserved143_IRQHandler
                0x0000000000000598                GPIO6_7_8_9_IRQHandler
                0x0000000000000598                GPIO2_Combined_16_31_IRQHandler
                0x0000000000000598                LPI2C4_DriverIRQHandler
                0x0000000000000598                TMR3_IRQHandler
                0x0000000000000598                XBAR1_IRQ_0_1_IRQHandler
                0x0000000000000598                SNVS_HP_WRAPPER_TZ_IRQHandler
                0x0000000000000598                SAI3_TX_DriverIRQHandler
                0x0000000000000598                FLEXIO3_DriverIRQHandler
                0x0000000000000598                ACMP2_IRQHandler
                0x0000000000000598                GPT2_IRQHandler
                0x0000000000000598                FLEXRAM_IRQHandler
                0x0000000000000598                DMA5_DMA21_DriverIRQHandler
                0x0000000000000598                ACMP1_IRQHandler
                0x0000000000000598                BusFault_Handler
                0x0000000000000598                Reserved87_IRQHandler
                0x0000000000000598                DMA15_DMA31_DriverIRQHandler
                0x0000000000000598                GPIO4_Combined_16_31_IRQHandler
                0x0000000000000598                LPSPI3_DriverIRQHandler
                0x0000000000000598                ENC4_IRQHandler
                0x0000000000000598                LPI2C2_DriverIRQHandler
                0x0000000000000598                DMA_ERROR_DriverIRQHandler
                0x0000000000000598                PWM4_0_IRQHandler
                0x0000000000000598                CAN1_DriverIRQHandler
                0x0000000000000598                TMR1_IRQHandler
                0x0000000000000598                TRNG_IRQHandler
                0x0000000000000598                LCDIF_IRQHandler
                0x0000000000000598                PWM3_FAULT_IRQHandler
                0x0000000000000598                CTI1_ERROR_IRQHandler
                0x0000000000000598                PWM1_3_IRQHandler
                0x000000000000059c                NMI_Handler
                0x00000000000005a0                HardFault_Handler
                0x00000000000005a4                SVC_Handler
                0x00000000000005a8                PendSV_Handler
                0x00000000000005ac                SysTick_Handler
                0x00000000000005b0                DMA0_DMA16_IRQHandler
                0x00000000000005b4                DMA1_DMA17_IRQHandler
                0x00000000000005b8                DMA2_DMA18_IRQHandler
                0x00000000000005bc                DMA3_DMA19_IRQHandler
                0x00000000000005c0                DMA4_DMA20_IRQHandler
                0x00000000000005c4                DMA5_DMA21_IRQHandler
                0x00000000000005c8                DMA6_DMA22_IRQHandler
                0x00000000000005cc                DMA7_DMA23_IRQHandler
                0x00000000000005d0                DMA8_DMA24_IRQHandler
                0x00000000000005d4                DMA9_DMA25_IRQHandler
                0x00000000000005d8                DMA10_DMA26_IRQHandler
                0x00000000000005dc                DMA11_DMA27_IRQHandler
                0x00000000000005e0                DMA12_DMA28_IRQHandler
                0x00000000000005e4                DMA13_DMA29_IRQHandler
                0x00000000000005e8                DMA14_DMA30_IRQHandler
                0x00000000000005ec                DMA15_DMA31_IRQHandler
                0x00000000000005f0                DMA_ERROR_IRQHandler
                0x00000000000005f4                LPUART1_IRQHandler
                0x00000000000005f8                LPUART2_IRQHandler
                0x00000000000005fc                LPUART3_IRQHandler
                0x0000000000000600                LPUART4_IRQHandler
                0x0000000000000604                LPUART5_IRQHandler
                0x0000000000000608                LPUART6_IRQHandler
                0x000000000000060c                LPUART7_IRQHandler
                0x0000000000000610                LPUART8_IRQHandler
                0x0000000000000614                LPI2C1_IRQHandler
                0x0000000000000618                LPI2C2_IRQHandler
                0x000000000000061c                LPI2C3_IRQHandler
                0x0000000000000620                LPI2C4_IRQHandler
                0x0000000000000624                LPSPI1_IRQHandler
                0x0000000000000628                LPSPI2_IRQHandler
                0x000000000000062c                LPSPI3_IRQHandler
                0x0000000000000630                LPSPI4_IRQHandler
                0x0000000000000634                CAN1_IRQHandler
                0x0000000000000638                CAN2_IRQHandler
                0x000000000000063c                SAI1_IRQHandler
                0x0000000000000640                SAI2_IRQHandler
                0x0000000000000644                SAI3_RX_IRQHandler
                0x0000000000000648                SAI3_TX_IRQHandler
                0x000000000000064c                SPDIF_IRQHandler
                0x0000000000000650                FLEXIO1_IRQHandler
                0x0000000000000654                FLEXIO2_IRQHandler
                0x0000000000000658                FLEXSPI2_IRQHandler
                0x000000000000065c                FLEXSPI_IRQHandler
                0x0000000000000660                USDHC1_IRQHandler
                0x0000000000000664                USDHC2_IRQHandler
                0x0000000000000668                ENET_IRQHandler
                0x000000000000066c                ENET_1588_Timer_IRQHandler
                0x0000000000000670                ENET2_IRQHandler
                0x0000000000000674                ENET2_1588_Timer_IRQHandler
                0x0000000000000678                CAN3_IRQHandler
                0x000000000000067c                FLEXIO3_IRQHandler
 .text          0x0000000000000764        0xc /usr/lib/gcc/arm-none-eabi/5.4.1/../../../arm-none-eabi/lib/armv7e-m/fpu/fpv5-d16/libc_nano.a(lib_a-atexit.o)
                0x0000000000000764                atexit
 .text          0x0000000000000770       0x28 /usr/lib/gcc/arm-none-eabi/5.4.1/../../../arm-none-eabi/lib/armv7e-m/fpu/fpv5-d16/libc_nano.a(lib_a-exit.o)
                0x0000000000000770                exit
 .text          0x0000000000000798       0x28 /usr/lib/gcc/arm-none-eabi/5.4.1/../../../arm-none-eabi/lib/armv7e-m/fpu/fpv5-d16/libc_nano.a(lib_a-fini.o)
                0x0000000000000798                __libc_fini_array
 .text          0x00000000000007c0       0x50 /usr/lib/gcc/arm-none-eabi/5.4.1/../../../arm-none-eabi/lib/armv7e-m/fpu/fpv5-d16/libc_nano.a(lib_a-init.o)
                0x00000000000007c0                __libc_init_array
 .text          0x0000000000000810       0x20 /usr/lib/gcc/arm-none-eabi/5.4.1/../../../arm-none-eabi/lib/armv7e-m/fpu/fpv5-d16/libc_nano.a(lib_a-malloc.o)
                0x0000000000000810                malloc
                0x0000000000000820                free
 .text          0x0000000000000830       0x9c /usr/lib/gcc/arm-none-eabi/5.4.1/../../../arm-none-eabi/lib/armv7e-m/fpu/fpv5-d16/libc_nano.a(lib_a-memset.o)
                0x0000000000000830                memset
 .text          0x00000000000008cc       0x8c /usr/lib/gcc/arm-none-eabi/5.4.1/../../../arm-none-eabi/lib/armv7e-m/fpu/fpv5-d16/libc_nano.a(lib_a-nano-freer.o)
                0x00000000000008cc                _free_r
 .text          0x0000000000000958       0xbc /usr/lib/gcc/arm-none-eabi/5.4.1/../../../arm-none-eabi/lib/armv7e-m/fpu/fpv5-d16/libc_nano.a(lib_a-nano-mallocr.o)
                0x0000000000000958                _malloc_r
 .text          0x0000000000000a14       0x24 /usr/lib/gcc/arm-none-eabi/5.4.1/../../../arm-none-eabi/lib/armv7e-m/fpu/fpv5-d16/libc_nano.a(lib_a-sbrkr.o)
                0x0000000000000a14                _sbrk_r
 *fill*         0x0000000000000a38        0x8 
 .text          0x0000000000000a40       0xdc /usr/lib/gcc/arm-none-eabi/5.4.1/../../../arm-none-eabi/lib/armv7e-m/fpu/fpv5-d16/libc_nano.a(lib_a-strlen.o)
                0x0000000000000a40                strlen
 .text          0x0000000000000b1c       0xd0 /usr/lib/gcc/arm-none-eabi/5.4.1/../../../arm-none-eabi/lib/armv7e-m/fpu/fpv5-d16/libc_nano.a(lib_a-__atexit.o)
                0x0000000000000b1c                __register_exitproc
 .text          0x0000000000000bec       0xf8 /usr/lib/gcc/arm-none-eabi/5.4.1/../../../arm-none-eabi/lib/armv7e-m/fpu/fpv5-d16/libc_nano.a(lib_a-__call_atexit.o)
                0x0000000000000bec                __call_exitprocs
 .text          0x0000000000000ce4       0x1c /usr/lib/gcc/arm-none-eabi/5.4.1/../../../arm-none-eabi/lib/armv7e-m/fpu/fpv5-d16/libnosys.a(sbrk.o)
                0x0000000000000ce4                _sbrk
 .text          0x0000000000000d00        0x4 /usr/lib/gcc/arm-none-eabi/5.4.1/../../../arm-none-eabi/lib/armv7e-m/fpu/fpv5-d16/libnosys.a(_exit.o)
                0x0000000000000d00                _exit
 *(.text*)
 .text.main     0x0000000000000d04       0x34 CMakeFiles/hello_world.elf.dir/opt/IMX_SDK/SDK_ARM_LINUX/boards/evkmimxrt1064/demo_apps/hello_world/hello_world.c.obj
                0x0000000000000d04                main
 .text.CLOCK_ControlGate
                0x0000000000000d38       0x74 CMakeFiles/hello_world.elf.dir/opt/IMX_SDK/SDK_ARM_LINUX/boards/evkmimxrt1064/demo_apps/hello_world/pin_mux.c.obj
 .text.CLOCK_EnableClock
                0x0000000000000dac       0x20 CMakeFiles/hello_world.elf.dir/opt/IMX_SDK/SDK_ARM_LINUX/boards/evkmimxrt1064/demo_apps/hello_world/pin_mux.c.obj
 .text.IOMUXC_SetPinMux
                0x0000000000000dcc       0x3c CMakeFiles/hello_world.elf.dir/opt/IMX_SDK/SDK_ARM_LINUX/boards/evkmimxrt1064/demo_apps/hello_world/pin_mux.c.obj
 .text.IOMUXC_SetPinConfig
                0x0000000000000e08       0x28 CMakeFiles/hello_world.elf.dir/opt/IMX_SDK/SDK_ARM_LINUX/boards/evkmimxrt1064/demo_apps/hello_world/pin_mux.c.obj
 .text.BOARD_InitPins
                0x0000000000000e30       0x78 CMakeFiles/hello_world.elf.dir/opt/IMX_SDK/SDK_ARM_LINUX/boards/evkmimxrt1064/demo_apps/hello_world/pin_mux.c.obj
                0x0000000000000e30                BOARD_InitPins
 .text.ARM_MPU_Enable
                0x0000000000000ea8       0x3c CMakeFiles/hello_world.elf.dir/opt/IMX_SDK/SDK_ARM_LINUX/boards/evkmimxrt1064/demo_apps/hello_world/board.c.obj
 .text.ARM_MPU_Disable
                0x0000000000000ee4       0x38 CMakeFiles/hello_world.elf.dir/opt/IMX_SDK/SDK_ARM_LINUX/boards/evkmimxrt1064/demo_apps/hello_world/board.c.obj
 .text.SCB_EnableICache
                0x0000000000000f1c       0x40 CMakeFiles/hello_world.elf.dir/opt/IMX_SDK/SDK_ARM_LINUX/boards/evkmimxrt1064/demo_apps/hello_world/board.c.obj
 .text.SCB_DisableICache
                0x0000000000000f5c       0x38 CMakeFiles/hello_world.elf.dir/opt/IMX_SDK/SDK_ARM_LINUX/boards/evkmimxrt1064/demo_apps/hello_world/board.c.obj
 .text.SCB_EnableDCache
                0x0000000000000f94       0x80 CMakeFiles/hello_world.elf.dir/opt/IMX_SDK/SDK_ARM_LINUX/boards/evkmimxrt1064/demo_apps/hello_world/board.c.obj
 .text.SCB_DisableDCache
                0x0000000000001014       0x68 CMakeFiles/hello_world.elf.dir/opt/IMX_SDK/SDK_ARM_LINUX/boards/evkmimxrt1064/demo_apps/hello_world/board.c.obj
 .text.CLOCK_GetMux
                0x000000000000107c       0x44 CMakeFiles/hello_world.elf.dir/opt/IMX_SDK/SDK_ARM_LINUX/boards/evkmimxrt1064/demo_apps/hello_world/board.c.obj
 .text.CLOCK_GetDiv
                0x00000000000010c0       0x44 CMakeFiles/hello_world.elf.dir/opt/IMX_SDK/SDK_ARM_LINUX/boards/evkmimxrt1064/demo_apps/hello_world/board.c.obj
 .text.CLOCK_GetOscFreq
                0x0000000000001104       0x30 CMakeFiles/hello_world.elf.dir/opt/IMX_SDK/SDK_ARM_LINUX/boards/evkmimxrt1064/demo_apps/hello_world/board.c.obj
 .text.BOARD_DebugConsoleSrcFreq
                0x0000000000001134       0x64 CMakeFiles/hello_world.elf.dir/opt/IMX_SDK/SDK_ARM_LINUX/boards/evkmimxrt1064/demo_apps/hello_world/board.c.obj
                0x0000000000001134                BOARD_DebugConsoleSrcFreq
 .text.BOARD_InitDebugConsole
                0x0000000000001198       0x24 CMakeFiles/hello_world.elf.dir/opt/IMX_SDK/SDK_ARM_LINUX/boards/evkmimxrt1064/demo_apps/hello_world/board.c.obj
                0x0000000000001198                BOARD_InitDebugConsole
 .text.BOARD_ConfigMPU
                0x00000000000011bc       0xfc CMakeFiles/hello_world.elf.dir/opt/IMX_SDK/SDK_ARM_LINUX/boards/evkmimxrt1064/demo_apps/hello_world/board.c.obj
                0x00000000000011bc                BOARD_ConfigMPU
 .text.CLOCK_SetMux
                0x00000000000012b8       0xa8 CMakeFiles/hello_world.elf.dir/opt/IMX_SDK/SDK_ARM_LINUX/boards/evkmimxrt1064/demo_apps/hello_world/clock_config.c.obj
 .text.CLOCK_SetDiv
                0x0000000000001360       0xa8 CMakeFiles/hello_world.elf.dir/opt/IMX_SDK/SDK_ARM_LINUX/boards/evkmimxrt1064/demo_apps/hello_world/clock_config.c.obj
 .text.CLOCK_ControlGate
                0x0000000000001408       0x74 CMakeFiles/hello_world.elf.dir/opt/IMX_SDK/SDK_ARM_LINUX/boards/evkmimxrt1064/demo_apps/hello_world/clock_config.c.obj
 .text.CLOCK_DisableClock
                0x000000000000147c       0x20 CMakeFiles/hello_world.elf.dir/opt/IMX_SDK/SDK_ARM_LINUX/boards/evkmimxrt1064/demo_apps/hello_world/clock_config.c.obj
 .text.CLOCK_SetXtalFreq
                0x000000000000149c       0x20 CMakeFiles/hello_world.elf.dir/opt/IMX_SDK/SDK_ARM_LINUX/boards/evkmimxrt1064/demo_apps/hello_world/clock_config.c.obj
 .text.CLOCK_SetRtcXtalFreq
                0x00000000000014bc       0x20 CMakeFiles/hello_world.elf.dir/opt/IMX_SDK/SDK_ARM_LINUX/boards/evkmimxrt1064/demo_apps/hello_world/clock_config.c.obj
 .text.CLOCK_SetPllBypass
                0x00000000000014dc       0x50 CMakeFiles/hello_world.elf.dir/opt/IMX_SDK/SDK_ARM_LINUX/boards/evkmimxrt1064/demo_apps/hello_world/clock_config.c.obj
 .text.IOMUXC_EnableMode
                0x000000000000152c       0x48 CMakeFiles/hello_world.elf.dir/opt/IMX_SDK/SDK_ARM_LINUX/boards/evkmimxrt1064/demo_apps/hello_world/clock_config.c.obj
 .text.IOMUXC_SetSaiMClkClockSource
                0x0000000000001574       0x6c CMakeFiles/hello_world.elf.dir/opt/IMX_SDK/SDK_ARM_LINUX/boards/evkmimxrt1064/demo_apps/hello_world/clock_config.c.obj
 .text.IOMUXC_MQSConfig
                0x00000000000015e0       0x44 CMakeFiles/hello_world.elf.dir/opt/IMX_SDK/SDK_ARM_LINUX/boards/evkmimxrt1064/demo_apps/hello_world/clock_config.c.obj
 .text.BOARD_BootClockRUN
                0x0000000000001624      0x6c8 CMakeFiles/hello_world.elf.dir/opt/IMX_SDK/SDK_ARM_LINUX/boards/evkmimxrt1064/demo_apps/hello_world/clock_config.c.obj
                0x0000000000001624                BOARD_BootClockRUN
 .text.CLOCK_GetOscFreq
                0x0000000000001cec       0x30 CMakeFiles/hello_world.elf.dir/opt/IMX_SDK/SDK_ARM_LINUX/devices/MIMXRT1064/drivers/fsl_clock.c.obj
 .text.CLOCK_IsPllBypassed
                0x0000000000001d1c       0x34 CMakeFiles/hello_world.elf.dir/opt/IMX_SDK/SDK_ARM_LINUX/devices/MIMXRT1064/drivers/fsl_clock.c.obj
 .text.CLOCK_IsPllEnabled
                0x0000000000001d50       0x3c CMakeFiles/hello_world.elf.dir/opt/IMX_SDK/SDK_ARM_LINUX/devices/MIMXRT1064/drivers/fsl_clock.c.obj
 .text.CLOCK_GetPllBypassRefClk
                0x0000000000001d8c       0x34 CMakeFiles/hello_world.elf.dir/opt/IMX_SDK/SDK_ARM_LINUX/devices/MIMXRT1064/drivers/fsl_clock.c.obj
 .text.CLOCK_InitExternalClk
                0x0000000000001dc0       0x78 CMakeFiles/hello_world.elf.dir/opt/IMX_SDK/SDK_ARM_LINUX/devices/MIMXRT1064/drivers/fsl_clock.c.obj
                0x0000000000001dc0                CLOCK_InitExternalClk
 .text.CLOCK_SwitchOsc
                0x0000000000001e38       0x34 CMakeFiles/hello_world.elf.dir/opt/IMX_SDK/SDK_ARM_LINUX/devices/MIMXRT1064/drivers/fsl_clock.c.obj
                0x0000000000001e38                CLOCK_SwitchOsc
 .text.CLOCK_InitRcOsc24M
                0x0000000000001e6c       0x24 CMakeFiles/hello_world.elf.dir/opt/IMX_SDK/SDK_ARM_LINUX/devices/MIMXRT1064/drivers/fsl_clock.c.obj
                0x0000000000001e6c                CLOCK_InitRcOsc24M
 .text.CLOCK_InitArmPll
                0x0000000000001e90       0x68 CMakeFiles/hello_world.elf.dir/opt/IMX_SDK/SDK_ARM_LINUX/devices/MIMXRT1064/drivers/fsl_clock.c.obj
                0x0000000000001e90                CLOCK_InitArmPll
 .text.CLOCK_InitSysPll
                0x0000000000001ef8       0x9c CMakeFiles/hello_world.elf.dir/opt/IMX_SDK/SDK_ARM_LINUX/devices/MIMXRT1064/drivers/fsl_clock.c.obj
                0x0000000000001ef8                CLOCK_InitSysPll
 .text.CLOCK_InitUsb1Pll
                0x0000000000001f94       0x68 CMakeFiles/hello_world.elf.dir/opt/IMX_SDK/SDK_ARM_LINUX/devices/MIMXRT1064/drivers/fsl_clock.c.obj
                0x0000000000001f94                CLOCK_InitUsb1Pll
 .text.CLOCK_DeinitUsb2Pll
                0x0000000000001ffc       0x18 CMakeFiles/hello_world.elf.dir/opt/IMX_SDK/SDK_ARM_LINUX/devices/MIMXRT1064/drivers/fsl_clock.c.obj
                0x0000000000001ffc                CLOCK_DeinitUsb2Pll
 .text.CLOCK_DeinitAudioPll
                0x0000000000002014       0x1c CMakeFiles/hello_world.elf.dir/opt/IMX_SDK/SDK_ARM_LINUX/devices/MIMXRT1064/drivers/fsl_clock.c.obj
                0x0000000000002014                CLOCK_DeinitAudioPll
 .text.CLOCK_DeinitVideoPll
                0x0000000000002030       0x1c CMakeFiles/hello_world.elf.dir/opt/IMX_SDK/SDK_ARM_LINUX/devices/MIMXRT1064/drivers/fsl_clock.c.obj
                0x0000000000002030                CLOCK_DeinitVideoPll
 .text.CLOCK_DeinitEnetPll
                0x000000000000204c       0x1c CMakeFiles/hello_world.elf.dir/opt/IMX_SDK/SDK_ARM_LINUX/devices/MIMXRT1064/drivers/fsl_clock.c.obj
                0x000000000000204c                CLOCK_DeinitEnetPll
 .text.CLOCK_GetPllFreq
                0x0000000000002068      0x320 CMakeFiles/hello_world.elf.dir/opt/IMX_SDK/SDK_ARM_LINUX/devices/MIMXRT1064/drivers/fsl_clock.c.obj
                0x0000000000002068                CLOCK_GetPllFreq
 .text.CLOCK_InitSysPfd
                0x0000000000002388       0x64 CMakeFiles/hello_world.elf.dir/opt/IMX_SDK/SDK_ARM_LINUX/devices/MIMXRT1064/drivers/fsl_clock.c.obj
                0x0000000000002388                CLOCK_InitSysPfd
 .text.CLOCK_InitUsb1Pfd
                0x00000000000023ec       0x64 CMakeFiles/hello_world.elf.dir/opt/IMX_SDK/SDK_ARM_LINUX/devices/MIMXRT1064/drivers/fsl_clock.c.obj
                0x00000000000023ec                CLOCK_InitUsb1Pfd
 .text.SCB_EnableICache
                0x0000000000002450       0x40 CMakeFiles/hello_world.elf.dir/opt/IMX_SDK/SDK_ARM_LINUX/devices/MIMXRT1064/system_MIMXRT1064.c.obj
 .text.SCB_EnableDCache
                0x0000000000002490       0x80 CMakeFiles/hello_world.elf.dir/opt/IMX_SDK/SDK_ARM_LINUX/devices/MIMXRT1064/system_MIMXRT1064.c.obj
 .text.SystemInit
                0x0000000000002510       0xe8 CMakeFiles/hello_world.elf.dir/opt/IMX_SDK/SDK_ARM_LINUX/devices/MIMXRT1064/system_MIMXRT1064.c.obj
                0x0000000000002510                SystemInit
 .text.SystemInitHook
                0x00000000000025f8       0x10 CMakeFiles/hello_world.elf.dir/opt/IMX_SDK/SDK_ARM_LINUX/devices/MIMXRT1064/system_MIMXRT1064.c.obj
                0x00000000000025f8                SystemInitHook
 .text.DbgConsole_ReadOneCharacter
                0x0000000000002608       0x34 CMakeFiles/hello_world.elf.dir/opt/IMX_SDK/SDK_ARM_LINUX/devices/MIMXRT1064/utilities/debug_console/fsl_debug_console.c.obj
                0x0000000000002608                DbgConsole_ReadOneCharacter
 .text.DbgConsole_SendDataReliable
                0x000000000000263c       0x70 CMakeFiles/hello_world.elf.dir/opt/IMX_SDK/SDK_ARM_LINUX/devices/MIMXRT1064/utilities/debug_console/fsl_debug_console.c.obj
                0x000000000000263c                DbgConsole_SendDataReliable
 .text.DbgConsole_ReadCharacter
                0x00000000000026ac       0x4c CMakeFiles/hello_world.elf.dir/opt/IMX_SDK/SDK_ARM_LINUX/devices/MIMXRT1064/utilities/debug_console/fsl_debug_console.c.obj
                0x00000000000026ac                DbgConsole_ReadCharacter
 .text.DbgConsole_PrintCallback
                0x00000000000026f8       0x64 CMakeFiles/hello_world.elf.dir/opt/IMX_SDK/SDK_ARM_LINUX/devices/MIMXRT1064/utilities/debug_console/fsl_debug_console.c.obj
 .text.DbgConsole_Init
                0x000000000000275c      0x11c CMakeFiles/hello_world.elf.dir/opt/IMX_SDK/SDK_ARM_LINUX/devices/MIMXRT1064/utilities/debug_console/fsl_debug_console.c.obj
                0x000000000000275c                DbgConsole_Init
 .text.DbgConsole_Printf
                0x0000000000002878       0x74 CMakeFiles/hello_world.elf.dir/opt/IMX_SDK/SDK_ARM_LINUX/devices/MIMXRT1064/utilities/debug_console/fsl_debug_console.c.obj
                0x0000000000002878                DbgConsole_Printf
 .text.DbgConsole_Putchar
                0x00000000000028ec       0x1c CMakeFiles/hello_world.elf.dir/opt/IMX_SDK/SDK_ARM_LINUX/devices/MIMXRT1064/utilities/debug_console/fsl_debug_console.c.obj
                0x00000000000028ec                DbgConsole_Putchar
 .text.DbgConsole_Getchar
                0x0000000000002908       0x1c CMakeFiles/hello_world.elf.dir/opt/IMX_SDK/SDK_ARM_LINUX/devices/MIMXRT1064/utilities/debug_console/fsl_debug_console.c.obj
                0x0000000000002908                DbgConsole_Getchar
 .text.ConvertRadixNumToString
                0x0000000000002924      0x114 CMakeFiles/hello_world.elf.dir/opt/IMX_SDK/SDK_ARM_LINUX/devices/MIMXRT1064/utilities/str/fsl_str.c.obj
 .text.StrFormatPrintf
                0x0000000000002a38      0x30c CMakeFiles/hello_world.elf.dir/opt/IMX_SDK/SDK_ARM_LINUX/devices/MIMXRT1064/utilities/str/fsl_str.c.obj
                0x0000000000002a38                StrFormatPrintf
 .text.HAL_UartGetStatus
                0x0000000000002d44       0x24 CMakeFiles/hello_world.elf.dir/opt/IMX_SDK/SDK_ARM_LINUX/components/uart/lpuart_adapter.c.obj
 .text.HAL_UartInit
                0x0000000000002d68      0x120 CMakeFiles/hello_world.elf.dir/opt/IMX_SDK/SDK_ARM_LINUX/components/uart/lpuart_adapter.c.obj
                0x0000000000002d68                HAL_UartInit
 .text.HAL_UartReceiveBlocking
                0x0000000000002e88       0x8c CMakeFiles/hello_world.elf.dir/opt/IMX_SDK/SDK_ARM_LINUX/components/uart/lpuart_adapter.c.obj
                0x0000000000002e88                HAL_UartReceiveBlocking
 .text.HAL_UartSendBlocking
                0x0000000000002f14       0x84 CMakeFiles/hello_world.elf.dir/opt/IMX_SDK/SDK_ARM_LINUX/components/uart/lpuart_adapter.c.obj
                0x0000000000002f14                HAL_UartSendBlocking
 .text.SerialManager_StartWriting
                0x0000000000002f98       0x48 CMakeFiles/hello_world.elf.dir/opt/IMX_SDK/SDK_ARM_LINUX/components/serial_manager/serial_manager.c.obj
 .text.SerialManager_StartReading
                0x0000000000002fe0       0x48 CMakeFiles/hello_world.elf.dir/opt/IMX_SDK/SDK_ARM_LINUX/components/serial_manager/serial_manager.c.obj
 .text.SerialManager_Write
                0x0000000000003028       0x94 CMakeFiles/hello_world.elf.dir/opt/IMX_SDK/SDK_ARM_LINUX/components/serial_manager/serial_manager.c.obj
 .text.SerialManager_Read
                0x00000000000030bc       0x94 CMakeFiles/hello_world.elf.dir/opt/IMX_SDK/SDK_ARM_LINUX/components/serial_manager/serial_manager.c.obj
 .text.SerialManager_Init
                0x0000000000003150       0x8c CMakeFiles/hello_world.elf.dir/opt/IMX_SDK/SDK_ARM_LINUX/components/serial_manager/serial_manager.c.obj
                0x0000000000003150                SerialManager_Init
 .text.SerialManager_OpenWriteHandle
                0x00000000000031dc       0x70 CMakeFiles/hello_world.elf.dir/opt/IMX_SDK/SDK_ARM_LINUX/components/serial_manager/serial_manager.c.obj
                0x00000000000031dc                SerialManager_OpenWriteHandle
 .text.SerialManager_OpenReadHandle
                0x000000000000324c       0x78 CMakeFiles/hello_world.elf.dir/opt/IMX_SDK/SDK_ARM_LINUX/components/serial_manager/serial_manager.c.obj
                0x000000000000324c                SerialManager_OpenReadHandle
 .text.SerialManager_WriteBlocking
                0x00000000000032c4       0x20 CMakeFiles/hello_world.elf.dir/opt/IMX_SDK/SDK_ARM_LINUX/components/serial_manager/serial_manager.c.obj
                0x00000000000032c4                SerialManager_WriteBlocking
 .text.SerialManager_ReadBlocking
                0x00000000000032e4       0x20 CMakeFiles/hello_world.elf.dir/opt/IMX_SDK/SDK_ARM_LINUX/components/serial_manager/serial_manager.c.obj
                0x00000000000032e4                SerialManager_ReadBlocking
 .text.Serial_UartInit
                0x0000000000003304       0x94 CMakeFiles/hello_world.elf.dir/opt/IMX_SDK/SDK_ARM_LINUX/components/serial_manager/serial_port_uart.c.obj
                0x0000000000003304                Serial_UartInit
 .text.Serial_UartWrite
                0x0000000000003398       0x78 CMakeFiles/hello_world.elf.dir/opt/IMX_SDK/SDK_ARM_LINUX/components/serial_manager/serial_port_uart.c.obj
                0x0000000000003398                Serial_UartWrite
 .text.Serial_UartRead
                0x0000000000003410       0x78 CMakeFiles/hello_world.elf.dir/opt/IMX_SDK/SDK_ARM_LINUX/components/serial_manager/serial_port_uart.c.obj
                0x0000000000003410                Serial_UartRead
 .text.CLOCK_ControlGate
                0x0000000000003488       0x74 CMakeFiles/hello_world.elf.dir/opt/IMX_SDK/SDK_ARM_LINUX/devices/MIMXRT1064/drivers/fsl_lpuart.c.obj
 .text.CLOCK_EnableClock
                0x00000000000034fc       0x20 CMakeFiles/hello_world.elf.dir/opt/IMX_SDK/SDK_ARM_LINUX/devices/MIMXRT1064/drivers/fsl_lpuart.c.obj
 .text.LPUART_SoftwareReset
                0x000000000000351c       0x2c CMakeFiles/hello_world.elf.dir/opt/IMX_SDK/SDK_ARM_LINUX/devices/MIMXRT1064/drivers/fsl_lpuart.c.obj
 .text.LPUART_GetInstance
                0x0000000000003548       0x58 CMakeFiles/hello_world.elf.dir/opt/IMX_SDK/SDK_ARM_LINUX/devices/MIMXRT1064/drivers/fsl_lpuart.c.obj
                0x0000000000003548                LPUART_GetInstance
 .text.LPUART_Init
                0x00000000000035a0      0x320 CMakeFiles/hello_world.elf.dir/opt/IMX_SDK/SDK_ARM_LINUX/devices/MIMXRT1064/drivers/fsl_lpuart.c.obj
                0x00000000000035a0                LPUART_Init
 .text.LPUART_GetDefaultConfig
                0x00000000000038c0       0x98 CMakeFiles/hello_world.elf.dir/opt/IMX_SDK/SDK_ARM_LINUX/devices/MIMXRT1064/drivers/fsl_lpuart.c.obj
                0x00000000000038c0                LPUART_GetDefaultConfig
 .text.LPUART_GetStatusFlags
                0x0000000000003958       0x2c CMakeFiles/hello_world.elf.dir/opt/IMX_SDK/SDK_ARM_LINUX/devices/MIMXRT1064/drivers/fsl_lpuart.c.obj
                0x0000000000003958                LPUART_GetStatusFlags
 .text.LPUART_ClearStatusFlags
                0x0000000000003984       0xa4 CMakeFiles/hello_world.elf.dir/opt/IMX_SDK/SDK_ARM_LINUX/devices/MIMXRT1064/drivers/fsl_lpuart.c.obj
                0x0000000000003984                LPUART_ClearStatusFlags
 .text.LPUART_WriteBlocking
                0x0000000000003a28       0x68 CMakeFiles/hello_world.elf.dir/opt/IMX_SDK/SDK_ARM_LINUX/devices/MIMXRT1064/drivers/fsl_lpuart.c.obj
                0x0000000000003a28                LPUART_WriteBlocking
 .text.LPUART_ReadBlocking
                0x0000000000003a90      0x158 CMakeFiles/hello_world.elf.dir/opt/IMX_SDK/SDK_ARM_LINUX/devices/MIMXRT1064/drivers/fsl_lpuart.c.obj
                0x0000000000003a90                LPUART_ReadBlocking
 .text.LPUART1_DriverIRQHandler
                0x0000000000003be8       0x24 CMakeFiles/hello_world.elf.dir/opt/IMX_SDK/SDK_ARM_LINUX/devices/MIMXRT1064/drivers/fsl_lpuart.c.obj
                0x0000000000003be8                LPUART1_DriverIRQHandler
 .text.LPUART2_DriverIRQHandler
                0x0000000000003c0c       0x24 CMakeFiles/hello_world.elf.dir/opt/IMX_SDK/SDK_ARM_LINUX/devices/MIMXRT1064/drivers/fsl_lpuart.c.obj
                0x0000000000003c0c                LPUART2_DriverIRQHandler
 .text.LPUART3_DriverIRQHandler
                0x0000000000003c30       0x24 CMakeFiles/hello_world.elf.dir/opt/IMX_SDK/SDK_ARM_LINUX/devices/MIMXRT1064/drivers/fsl_lpuart.c.obj
                0x0000000000003c30                LPUART3_DriverIRQHandler
 .text.LPUART4_DriverIRQHandler
                0x0000000000003c54       0x24 CMakeFiles/hello_world.elf.dir/opt/IMX_SDK/SDK_ARM_LINUX/devices/MIMXRT1064/drivers/fsl_lpuart.c.obj
                0x0000000000003c54                LPUART4_DriverIRQHandler
 .text.LPUART5_DriverIRQHandler
                0x0000000000003c78       0x24 CMakeFiles/hello_world.elf.dir/opt/IMX_SDK/SDK_ARM_LINUX/devices/MIMXRT1064/drivers/fsl_lpuart.c.obj
                0x0000000000003c78                LPUART5_DriverIRQHandler
 .text.LPUART6_DriverIRQHandler
                0x0000000000003c9c       0x24 CMakeFiles/hello_world.elf.dir/opt/IMX_SDK/SDK_ARM_LINUX/devices/MIMXRT1064/drivers/fsl_lpuart.c.obj
                0x0000000000003c9c                LPUART6_DriverIRQHandler
 .text.LPUART7_DriverIRQHandler
                0x0000000000003cc0       0x24 CMakeFiles/hello_world.elf.dir/opt/IMX_SDK/SDK_ARM_LINUX/devices/MIMXRT1064/drivers/fsl_lpuart.c.obj
                0x0000000000003cc0                LPUART7_DriverIRQHandler
 .text.LPUART8_DriverIRQHandler
                0x0000000000003ce4       0x24 CMakeFiles/hello_world.elf.dir/opt/IMX_SDK/SDK_ARM_LINUX/devices/MIMXRT1064/drivers/fsl_lpuart.c.obj
                0x0000000000003ce4                LPUART8_DriverIRQHandler
 .text.__assert_func
                0x0000000000003d08       0x28 CMakeFiles/hello_world.elf.dir/opt/IMX_SDK/SDK_ARM_LINUX/devices/MIMXRT1064/utilities/fsl_assert.c.obj
                0x0000000000003d08                __assert_func
 *(.rodata)
 .rodata        0x0000000000003d30        0xf CMakeFiles/hello_world.elf.dir/opt/IMX_SDK/SDK_ARM_LINUX/boards/evkmimxrt1064/demo_apps/hello_world/hello_world.c.obj
 *fill*         0x0000000000003d3f        0x1 
 .rodata        0x0000000000003d40       0x8f CMakeFiles/hello_world.elf.dir/opt/IMX_SDK/SDK_ARM_LINUX/boards/evkmimxrt1064/demo_apps/hello_world/pin_mux.c.obj
 *fill*         0x0000000000003dcf        0x1 
 .rodata        0x0000000000003dd0       0xaf CMakeFiles/hello_world.elf.dir/opt/IMX_SDK/SDK_ARM_LINUX/boards/evkmimxrt1064/demo_apps/hello_world/clock_config.c.obj
 *fill*         0x0000000000003e7f        0x1 
 .rodata        0x0000000000003e80       0xb1 CMakeFiles/hello_world.elf.dir/opt/IMX_SDK/SDK_ARM_LINUX/devices/MIMXRT1064/drivers/fsl_clock.c.obj
 *fill*         0x0000000000003f31        0x3 
 .rodata        0x0000000000003f34       0xac CMakeFiles/hello_world.elf.dir/opt/IMX_SDK/SDK_ARM_LINUX/devices/MIMXRT1064/utilities/debug_console/fsl_debug_console.c.obj
 .rodata        0x0000000000003fe0       0xcf CMakeFiles/hello_world.elf.dir/opt/IMX_SDK/SDK_ARM_LINUX/components/uart/lpuart_adapter.c.obj
 *fill*         0x00000000000040af        0x1 
 .rodata        0x00000000000040b0       0x8d CMakeFiles/hello_world.elf.dir/opt/IMX_SDK/SDK_ARM_LINUX/components/serial_manager/serial_manager.c.obj
 *fill*         0x000000000000413d        0x3 
 .rodata        0x0000000000004140       0x77 CMakeFiles/hello_world.elf.dir/opt/IMX_SDK/SDK_ARM_LINUX/components/serial_manager/serial_port_uart.c.obj
 *fill*         0x00000000000041b7        0x1 
 .rodata        0x00000000000041b8      0x20a CMakeFiles/hello_world.elf.dir/opt/IMX_SDK/SDK_ARM_LINUX/devices/MIMXRT1064/drivers/fsl_lpuart.c.obj
 *fill*         0x00000000000043c2        0x2 
 .rodata        0x00000000000043c4       0x3e CMakeFiles/hello_world.elf.dir/opt/IMX_SDK/SDK_ARM_LINUX/devices/MIMXRT1064/utilities/fsl_assert.c.obj
 *fill*         0x0000000000004402        0x2 
 .rodata        0x0000000000004404        0x4 /usr/lib/gcc/arm-none-eabi/5.4.1/../../../arm-none-eabi/lib/armv7e-m/fpu/fpv5-d16/libc_nano.a(lib_a-impure.o)
                0x0000000000004404                _global_impure_ptr
 *(.rodata*)
 .rodata.__func__.8804
                0x0000000000004408       0x12 CMakeFiles/hello_world.elf.dir/opt/IMX_SDK/SDK_ARM_LINUX/boards/evkmimxrt1064/demo_apps/hello_world/pin_mux.c.obj
 *fill*         0x000000000000441a        0x2 
 .rodata.armPllConfig_BOARD_BootClockRUN
                0x000000000000441c        0x8 CMakeFiles/hello_world.elf.dir/opt/IMX_SDK/SDK_ARM_LINUX/boards/evkmimxrt1064/demo_apps/hello_world/clock_config.c.obj
                0x000000000000441c                armPllConfig_BOARD_BootClockRUN
 .rodata.sysPllConfig_BOARD_BootClockRUN
                0x0000000000004424       0x14 CMakeFiles/hello_world.elf.dir/opt/IMX_SDK/SDK_ARM_LINUX/boards/evkmimxrt1064/demo_apps/hello_world/clock_config.c.obj
                0x0000000000004424                sysPllConfig_BOARD_BootClockRUN
 .rodata.usb1PllConfig_BOARD_BootClockRUN
                0x0000000000004438        0x2 CMakeFiles/hello_world.elf.dir/opt/IMX_SDK/SDK_ARM_LINUX/boards/evkmimxrt1064/demo_apps/hello_world/clock_config.c.obj
                0x0000000000004438                usb1PllConfig_BOARD_BootClockRUN
 *fill*         0x000000000000443a        0x2 
 .rodata.__func__.8804
                0x000000000000443c       0x12 CMakeFiles/hello_world.elf.dir/opt/IMX_SDK/SDK_ARM_LINUX/boards/evkmimxrt1064/demo_apps/hello_world/clock_config.c.obj
 *fill*         0x000000000000444e        0x2 
 .rodata.__func__.8790
                0x0000000000004450        0xd CMakeFiles/hello_world.elf.dir/opt/IMX_SDK/SDK_ARM_LINUX/boards/evkmimxrt1064/demo_apps/hello_world/clock_config.c.obj
 *fill*         0x000000000000445d        0x3 
 .rodata.__func__.8778
                0x0000000000004460        0xd CMakeFiles/hello_world.elf.dir/opt/IMX_SDK/SDK_ARM_LINUX/boards/evkmimxrt1064/demo_apps/hello_world/clock_config.c.obj
 *fill*         0x000000000000446d        0x3 
 .rodata.__func__.8977
                0x0000000000004470       0x16 CMakeFiles/hello_world.elf.dir/opt/IMX_SDK/SDK_ARM_LINUX/devices/MIMXRT1064/drivers/fsl_clock.c.obj
 *fill*         0x0000000000004486        0x2 
 .rodata.__func__.9108
                0x0000000000004488       0x1c CMakeFiles/hello_world.elf.dir/opt/IMX_SDK/SDK_ARM_LINUX/devices/MIMXRT1064/utilities/debug_console/fsl_debug_console.c.obj
 .rodata.__func__.9122
                0x00000000000044a4       0x19 CMakeFiles/hello_world.elf.dir/opt/IMX_SDK/SDK_ARM_LINUX/devices/MIMXRT1064/utilities/debug_console/fsl_debug_console.c.obj
 *fill*         0x00000000000044bd        0x3 
 .rodata.__func__.9142
                0x00000000000044c0       0x10 CMakeFiles/hello_world.elf.dir/opt/IMX_SDK/SDK_ARM_LINUX/devices/MIMXRT1064/utilities/debug_console/fsl_debug_console.c.obj
 .rodata.s_LpuartAdapterBase
                0x00000000000044d0       0x24 CMakeFiles/hello_world.elf.dir/opt/IMX_SDK/SDK_ARM_LINUX/components/uart/lpuart_adapter.c.obj
 .rodata.__func__.9255
                0x00000000000044f4        0xd CMakeFiles/hello_world.elf.dir/opt/IMX_SDK/SDK_ARM_LINUX/components/uart/lpuart_adapter.c.obj
 *fill*         0x0000000000004501        0x3 
 .rodata.__func__.9268
                0x0000000000004504       0x18 CMakeFiles/hello_world.elf.dir/opt/IMX_SDK/SDK_ARM_LINUX/components/uart/lpuart_adapter.c.obj
 .rodata.__func__.9275
                0x000000000000451c       0x15 CMakeFiles/hello_world.elf.dir/opt/IMX_SDK/SDK_ARM_LINUX/components/uart/lpuart_adapter.c.obj
 *fill*         0x0000000000004531        0x3 
 .rodata.__func__.9083
                0x0000000000004534       0x14 CMakeFiles/hello_world.elf.dir/opt/IMX_SDK/SDK_ARM_LINUX/components/serial_manager/serial_manager.c.obj
 .rodata.__func__.9091
                0x0000000000004548       0x13 CMakeFiles/hello_world.elf.dir/opt/IMX_SDK/SDK_ARM_LINUX/components/serial_manager/serial_manager.c.obj
 *fill*         0x000000000000455b        0x1 
 .rodata.__func__.9098
                0x000000000000455c       0x13 CMakeFiles/hello_world.elf.dir/opt/IMX_SDK/SDK_ARM_LINUX/components/serial_manager/serial_manager.c.obj
 *fill*         0x000000000000456f        0x1 
 .rodata.__func__.9116
                0x0000000000004570       0x1e CMakeFiles/hello_world.elf.dir/opt/IMX_SDK/SDK_ARM_LINUX/components/serial_manager/serial_manager.c.obj
 *fill*         0x000000000000458e        0x2 
 .rodata.__func__.9129
                0x0000000000004590       0x1d CMakeFiles/hello_world.elf.dir/opt/IMX_SDK/SDK_ARM_LINUX/components/serial_manager/serial_manager.c.obj
 *fill*         0x00000000000045ad        0x3 
 .rodata.__func__.9103
                0x00000000000045b0       0x10 CMakeFiles/hello_world.elf.dir/opt/IMX_SDK/SDK_ARM_LINUX/components/serial_manager/serial_port_uart.c.obj
 .rodata.__func__.9115
                0x00000000000045c0       0x11 CMakeFiles/hello_world.elf.dir/opt/IMX_SDK/SDK_ARM_LINUX/components/serial_manager/serial_port_uart.c.obj
 *fill*         0x00000000000045d1        0x3 
 .rodata.__func__.9122
                0x00000000000045d4       0x10 CMakeFiles/hello_world.elf.dir/opt/IMX_SDK/SDK_ARM_LINUX/components/serial_manager/serial_port_uart.c.obj
 .rodata.s_lpuartBases
                0x00000000000045e4       0x24 CMakeFiles/hello_world.elf.dir/opt/IMX_SDK/SDK_ARM_LINUX/devices/MIMXRT1064/drivers/fsl_lpuart.c.obj
 .rodata.s_lpuartClock
                0x0000000000004608       0x12 CMakeFiles/hello_world.elf.dir/opt/IMX_SDK/SDK_ARM_LINUX/devices/MIMXRT1064/drivers/fsl_lpuart.c.obj
 *fill*         0x000000000000461a        0x2 
 .rodata.__func__.9222
                0x000000000000461c       0x13 CMakeFiles/hello_world.elf.dir/opt/IMX_SDK/SDK_ARM_LINUX/devices/MIMXRT1064/drivers/fsl_lpuart.c.obj
 *fill*         0x000000000000462f        0x1 
 .rodata.__func__.9265
                0x0000000000004630        0xc CMakeFiles/hello_world.elf.dir/opt/IMX_SDK/SDK_ARM_LINUX/devices/MIMXRT1064/drivers/fsl_lpuart.c.obj
 .rodata.__func__.8804
                0x000000000000463c       0x12 CMakeFiles/hello_world.elf.dir/opt/IMX_SDK/SDK_ARM_LINUX/devices/MIMXRT1064/drivers/fsl_lpuart.c.obj
 *fill*         0x000000000000464e        0x2 
 .rodata.__func__.9292
                0x0000000000004650       0x18 CMakeFiles/hello_world.elf.dir/opt/IMX_SDK/SDK_ARM_LINUX/devices/MIMXRT1064/drivers/fsl_lpuart.c.obj
 .rodata.__func__.9338
                0x0000000000004668       0x15 CMakeFiles/hello_world.elf.dir/opt/IMX_SDK/SDK_ARM_LINUX/devices/MIMXRT1064/drivers/fsl_lpuart.c.obj
 *fill*         0x000000000000467d        0x3 
 .rodata.__func__.9352
                0x0000000000004680       0x14 CMakeFiles/hello_world.elf.dir/opt/IMX_SDK/SDK_ARM_LINUX/devices/MIMXRT1064/drivers/fsl_lpuart.c.obj
 .rodata.str1.4
                0x0000000000004694        0x4 /usr/lib/gcc/arm-none-eabi/5.4.1/../../../arm-none-eabi/lib/armv7e-m/fpu/fpv5-d16/libc_nano.a(lib_a-impure.o)
                                          0x2 (size before relaxing)
 *(.glue_7)
 .glue_7        0x0000000000004698        0x0 linker stubs
 *(.glue_7t)
 .glue_7t       0x0000000000004698        0x0 linker stubs
 *(.eh_frame)
 .eh_frame      0x0000000000004698        0x0 /usr/lib/gcc/arm-none-eabi/5.4.1/armv7e-m/fpu/fpv5-d16/crtbegin.o
 *(.init)
 .init          0x0000000000004698        0x4 /usr/lib/gcc/arm-none-eabi/5.4.1/armv7e-m/fpu/fpv5-d16/crti.o
                0x0000000000004698                _init
 .init          0x000000000000469c        0x8 /usr/lib/gcc/arm-none-eabi/5.4.1/armv7e-m/fpu/fpv5-d16/crtn.o
 *(.fini)
 .fini          0x00000000000046a4        0x4 /usr/lib/gcc/arm-none-eabi/5.4.1/armv7e-m/fpu/fpv5-d16/crti.o
                0x00000000000046a4                _fini
 .fini          0x00000000000046a8        0x8 /usr/lib/gcc/arm-none-eabi/5.4.1/armv7e-m/fpu/fpv5-d16/crtn.o
                0x00000000000046b0                . = ALIGN (0x4)

.vfp11_veneer   0x00000000000046b0        0x0
 .vfp11_veneer  0x00000000000046b0        0x0 linker stubs

.v4_bx          0x00000000000046b0        0x0
 .v4_bx         0x00000000000046b0        0x0 linker stubs

.iplt           0x00000000000046b0        0x0
 .iplt          0x00000000000046b0        0x0 /usr/lib/gcc/arm-none-eabi/5.4.1/armv7e-m/fpu/fpv5-d16/crtbegin.o

.ARM.extab
 *(.ARM.extab* .gnu.linkonce.armextab.*)

.ARM            0x00000000000046b0        0x8
                0x00000000000046b0                __exidx_start = .
 *(.ARM.exidx*)
 .ARM.exidx     0x00000000000046b0        0x8 /usr/lib/gcc/arm-none-eabi/5.4.1/../../../arm-none-eabi/lib/armv7e-m/fpu/fpv5-d16/crt0.o
                0x00000000000046b8                __exidx_end = .

.rel.dyn        0x00000000000046b8        0x0
 .rel.iplt      0x00000000000046b8        0x0 /usr/lib/gcc/arm-none-eabi/5.4.1/armv7e-m/fpu/fpv5-d16/crtbegin.o

.ctors          0x00000000000046b8        0x0
                0x00000000000046b8                __CTOR_LIST__ = .
 *crtbegin.o(.ctors)
 *crtbegin?.o(.ctors)
 *(EXCLUDE_FILE(*crtend.o *crtend?.o) .ctors)
 *(SORT(.ctors.*))
 *(.ctors)
                0x00000000000046b8                __CTOR_END__ = .

.dtors          0x00000000000046b8        0x0
                0x00000000000046b8                __DTOR_LIST__ = .
 *crtbegin.o(.dtors)
 *crtbegin?.o(.dtors)
 *(EXCLUDE_FILE(*crtend.o *crtend?.o) .dtors)
 *(SORT(.dtors.*))
 *(.dtors)
                0x00000000000046b8                __DTOR_END__ = .

.preinit_array  0x00000000000046b8        0x0
                0x00000000000046b8                PROVIDE (__preinit_array_start, .)
 *(.preinit_array*)
                0x00000000000046b8                PROVIDE (__preinit_array_end, .)

.init_array     0x00000000000046b8        0x4
                0x00000000000046b8                PROVIDE (__init_array_start, .)
 *(SORT(.init_array.*))
 *(.init_array*)
 .init_array    0x00000000000046b8        0x4 /usr/lib/gcc/arm-none-eabi/5.4.1/armv7e-m/fpu/fpv5-d16/crtbegin.o
                0x00000000000046bc                PROVIDE (__init_array_end, .)

.fini_array     0x00000000000046bc        0x4
                0x00000000000046bc                PROVIDE (__fini_array_start, .)
 *(SORT(.fini_array.*))
 *(.fini_array*)
 .fini_array    0x00000000000046bc        0x4 /usr/lib/gcc/arm-none-eabi/5.4.1/armv7e-m/fpu/fpv5-d16/crtbegin.o
                0x00000000000046c0                PROVIDE (__fini_array_end, .)
                0x00000000000046c0                __etext = .
                0x00000000000046c0                __DATA_ROM = .

.data           0x0000000020000000       0x6c load address 0x00000000000046c0
                0x0000000020000000                . = ALIGN (0x4)
                0x0000000020000000                __DATA_RAM = .
                0x0000000020000000                __data_start__ = .
 *(m_usb_dma_init_data)
 *(.data)
 .data          0x0000000020000000       0x64 /usr/lib/gcc/arm-none-eabi/5.4.1/../../../arm-none-eabi/lib/armv7e-m/fpu/fpv5-d16/libc_nano.a(lib_a-impure.o)
                0x0000000020000000                _impure_ptr
 *(.data*)
 .data.SystemCoreClock
                0x0000000020000064        0x4 CMakeFiles/hello_world.elf.dir/opt/IMX_SDK/SDK_ARM_LINUX/devices/MIMXRT1064/system_MIMXRT1064.c.obj
                0x0000000020000064                SystemCoreClock
 *(.jcr*)
 .jcr           0x0000000020000068        0x0 /usr/lib/gcc/arm-none-eabi/5.4.1/armv7e-m/fpu/fpv5-d16/crtbegin.o
 .jcr           0x0000000020000068        0x4 /usr/lib/gcc/arm-none-eabi/5.4.1/armv7e-m/fpu/fpv5-d16/crtend.o
                0x000000002000006c                . = ALIGN (0x4)
                0x000000002000006c                __data_end__ = .
                0x000000000000472c                __NDATA_ROM = (__DATA_ROM + (__data_end__ - __data_start__))

.tm_clone_table
                0x000000002000006c        0x0 load address 0x000000000000472c
 .tm_clone_table
                0x000000002000006c        0x0 /usr/lib/gcc/arm-none-eabi/5.4.1/armv7e-m/fpu/fpv5-d16/crtbegin.o
 .tm_clone_table
                0x000000002000006c        0x0 /usr/lib/gcc/arm-none-eabi/5.4.1/armv7e-m/fpu/fpv5-d16/crtend.o

.igot.plt       0x000000002000006c        0x0 load address 0x000000000000472c
 .igot.plt      0x000000002000006c        0x0 /usr/lib/gcc/arm-none-eabi/5.4.1/armv7e-m/fpu/fpv5-d16/crtbegin.o

.ncache.init    0x000000002000006c        0x0 load address 0x000000000000472c
                0x000000002000006c                __noncachedata_start__ = .
 *(NonCacheable.init)
                0x000000002000006c                . = ALIGN (0x4)
                0x000000002000006c                __noncachedata_init_end__ = .
                0x000000002000006c                . = __noncachedata_init_end__

.ncache         0x000000002000006c        0x0
 *(NonCacheable)
                0x000000002000006c                . = ALIGN (0x4)
                0x000000002000006c                __noncachedata_end__ = .
                0x000000000000472c                __DATA_END = (__NDATA_ROM + (__noncachedata_init_end__ - __noncachedata_start__))
                0x0000000000020000                text_end = (ORIGIN (m_text) + LENGTH (m_text))
                0x0000000000000001                ASSERT ((__DATA_END <= text_end), region m_text overflowed with text and data)

.bss            0x000000002000006c      0x10c load address 0x000000000000472c
                0x000000002000006c                . = ALIGN (0x4)
                0x000000002000006c                __START_BSS = .
                0x000000002000006c                __bss_start__ = .
 *(m_usb_dma_noninit_data)
 *(.bss)
 .bss           0x000000002000006c       0x1c /usr/lib/gcc/arm-none-eabi/5.4.1/armv7e-m/fpu/fpv5-d16/crtbegin.o
 .bss           0x0000000020000088        0x8 /usr/lib/gcc/arm-none-eabi/5.4.1/../../../arm-none-eabi/lib/armv7e-m/fpu/fpv5-d16/libc_nano.a(lib_a-nano-mallocr.o)
                0x0000000020000088                __malloc_free_list
                0x000000002000008c                __malloc_sbrk_start
 .bss           0x0000000020000090       0x8c /usr/lib/gcc/arm-none-eabi/5.4.1/../../../arm-none-eabi/lib/armv7e-m/fpu/fpv5-d16/libc_nano.a(lib_a-__atexit.o)
 .bss           0x000000002000011c        0x4 /usr/lib/gcc/arm-none-eabi/5.4.1/../../../arm-none-eabi/lib/armv7e-m/fpu/fpv5-d16/libc_nano.a(lib_a-__call_atexit.o)
                0x000000002000011c                _global_atexit
 .bss           0x0000000020000120        0x4 /usr/lib/gcc/arm-none-eabi/5.4.1/../../../arm-none-eabi/lib/armv7e-m/fpu/fpv5-d16/libnosys.a(sbrk.o)
 *(.bss*)
 .bss.g_xtalFreq
                0x0000000020000124        0x4 CMakeFiles/hello_world.elf.dir/opt/IMX_SDK/SDK_ARM_LINUX/devices/MIMXRT1064/drivers/fsl_clock.c.obj
                0x0000000020000124                g_xtalFreq
 .bss.g_rtcXtalFreq
                0x0000000020000128        0x4 CMakeFiles/hello_world.elf.dir/opt/IMX_SDK/SDK_ARM_LINUX/devices/MIMXRT1064/drivers/fsl_clock.c.obj
                0x0000000020000128                g_rtcXtalFreq
 .bss.s_debugConsoleState
                0x000000002000012c       0x1c CMakeFiles/hello_world.elf.dir/opt/IMX_SDK/SDK_ARM_LINUX/devices/MIMXRT1064/utilities/debug_console/fsl_debug_console.c.obj
 .bss.g_serialHandle
                0x0000000020000148        0x4 CMakeFiles/hello_world.elf.dir/opt/IMX_SDK/SDK_ARM_LINUX/devices/MIMXRT1064/utilities/debug_console/fsl_debug_console.c.obj
                0x0000000020000148                g_serialHandle
 .bss.s_lpuartHandle
                0x000000002000014c       0x24 CMakeFiles/hello_world.elf.dir/opt/IMX_SDK/SDK_ARM_LINUX/devices/MIMXRT1064/drivers/fsl_lpuart.c.obj
 .bss.s_lpuartIsr
                0x0000000020000170        0x4 CMakeFiles/hello_world.elf.dir/opt/IMX_SDK/SDK_ARM_LINUX/devices/MIMXRT1064/drivers/fsl_lpuart.c.obj
 *(COMMON)
 COMMON         0x0000000020000174        0x4 /usr/lib/gcc/arm-none-eabi/5.4.1/../../../arm-none-eabi/lib/armv7e-m/fpu/fpv5-d16/libc_nano.a(lib_a-reent.o)
                0x0000000020000174                errno
                0x0000000020000178                . = ALIGN (0x4)
                0x0000000020000178                __bss_end__ = .
                0x0000000020000178                __END_BSS = .

.heap           0x0000000020000178      0x400 load address 0x0000000000004838
                0x0000000020000178                . = ALIGN (0x8)
                0x0000000020000178                __end__ = .
                0x0000000020000178                PROVIDE (end, .)
                0x0000000020000178                __HeapBase = .
                0x0000000020000578                . = (. + HEAP_SIZE)
 *fill*         0x0000000020000178      0x400 
                0x0000000020000578                __HeapLimit = .
                0x0000000020000578                __heap_limit = .

.stack          0x0000000020000578      0x400 load address 0x0000000000004c38
                0x0000000020000578                . = ALIGN (0x8)
                0x0000000020000978                . = (. + STACK_SIZE)
 *fill*         0x0000000020000578      0x400 
                0x0000000020020000                __StackTop = (ORIGIN (m_data) + LENGTH (m_data))
                0x000000002001fc00                __StackLimit = (__StackTop - STACK_SIZE)
                0x0000000020020000                PROVIDE (__stack, __StackTop)

.ARM.attributes
                0x0000000000000000       0x2e
 *(.ARM.attributes)
 .ARM.attributes
                0x0000000000000000       0x20 /usr/lib/gcc/arm-none-eabi/5.4.1/armv7e-m/fpu/fpv5-d16/crti.o
 .ARM.attributes
                0x0000000000000020       0x32 /usr/lib/gcc/arm-none-eabi/5.4.1/armv7e-m/fpu/fpv5-d16/crtbegin.o
 .ARM.attributes
                0x0000000000000052       0x1e /usr/lib/gcc/arm-none-eabi/5.4.1/../../../arm-none-eabi/lib/armv7e-m/fpu/fpv5-d16/crt0.o
 .ARM.attributes
                0x0000000000000070       0x37 CMakeFiles/hello_world.elf.dir/opt/IMX_SDK/SDK_ARM_LINUX/boards/evkmimxrt1064/demo_apps/hello_world/hello_world.c.obj
 .ARM.attributes
                0x00000000000000a7       0x37 CMakeFiles/hello_world.elf.dir/opt/IMX_SDK/SDK_ARM_LINUX/boards/evkmimxrt1064/demo_apps/hello_world/pin_mux.c.obj
 .ARM.attributes
                0x00000000000000de       0x37 CMakeFiles/hello_world.elf.dir/opt/IMX_SDK/SDK_ARM_LINUX/boards/evkmimxrt1064/demo_apps/hello_world/board.c.obj
 .ARM.attributes
                0x0000000000000115       0x37 CMakeFiles/hello_world.elf.dir/opt/IMX_SDK/SDK_ARM_LINUX/boards/evkmimxrt1064/demo_apps/hello_world/clock_config.c.obj
 .ARM.attributes
                0x000000000000014c       0x37 CMakeFiles/hello_world.elf.dir/opt/IMX_SDK/SDK_ARM_LINUX/devices/MIMXRT1064/drivers/fsl_clock.c.obj
 .ARM.attributes
                0x0000000000000183       0x37 CMakeFiles/hello_world.elf.dir/opt/IMX_SDK/SDK_ARM_LINUX/devices/MIMXRT1064/system_MIMXRT1064.c.obj
 .ARM.attributes
                0x00000000000001ba       0x37 CMakeFiles/hello_world.elf.dir/opt/IMX_SDK/SDK_ARM_LINUX/devices/MIMXRT1064/utilities/debug_console/fsl_debug_console.c.obj
 .ARM.attributes
                0x00000000000001f1       0x37 CMakeFiles/hello_world.elf.dir/opt/IMX_SDK/SDK_ARM_LINUX/devices/MIMXRT1064/utilities/str/fsl_str.c.obj
 .ARM.attributes
                0x0000000000000228       0x37 CMakeFiles/hello_world.elf.dir/opt/IMX_SDK/SDK_ARM_LINUX/components/uart/lpuart_adapter.c.obj
 .ARM.attributes
                0x000000000000025f       0x37 CMakeFiles/hello_world.elf.dir/opt/IMX_SDK/SDK_ARM_LINUX/components/serial_manager/serial_manager.c.obj
 .ARM.attributes
                0x0000000000000296       0x37 CMakeFiles/hello_world.elf.dir/opt/IMX_SDK/SDK_ARM_LINUX/components/serial_manager/serial_port_uart.c.obj
 .ARM.attributes
                0x00000000000002cd       0x37 CMakeFiles/hello_world.elf.dir/opt/IMX_SDK/SDK_ARM_LINUX/devices/MIMXRT1064/drivers/fsl_lpuart.c.obj
 .ARM.attributes
                0x0000000000000304       0x1d CMakeFiles/hello_world.elf.dir/opt/IMX_SDK/SDK_ARM_LINUX/devices/MIMXRT1064/gcc/startup_MIMXRT1064.S.obj
 .ARM.attributes
                0x0000000000000321       0x37 CMakeFiles/hello_world.elf.dir/opt/IMX_SDK/SDK_ARM_LINUX/devices/MIMXRT1064/utilities/fsl_assert.c.obj
 .ARM.attributes
                0x0000000000000358       0x32 /usr/lib/gcc/arm-none-eabi/5.4.1/../../../arm-none-eabi/lib/armv7e-m/fpu/fpv5-d16/libc_nano.a(lib_a-atexit.o)
 .ARM.attributes
                0x000000000000038a       0x32 /usr/lib/gcc/arm-none-eabi/5.4.1/../../../arm-none-eabi/lib/armv7e-m/fpu/fpv5-d16/libc_nano.a(lib_a-exit.o)
 .ARM.attributes
                0x00000000000003bc       0x32 /usr/lib/gcc/arm-none-eabi/5.4.1/../../../arm-none-eabi/lib/armv7e-m/fpu/fpv5-d16/libc_nano.a(lib_a-fini.o)
 .ARM.attributes
                0x00000000000003ee       0x32 /usr/lib/gcc/arm-none-eabi/5.4.1/../../../arm-none-eabi/lib/armv7e-m/fpu/fpv5-d16/libc_nano.a(lib_a-impure.o)
 .ARM.attributes
                0x0000000000000420       0x32 /usr/lib/gcc/arm-none-eabi/5.4.1/../../../arm-none-eabi/lib/armv7e-m/fpu/fpv5-d16/libc_nano.a(lib_a-init.o)
 .ARM.attributes
                0x0000000000000452       0x32 /usr/lib/gcc/arm-none-eabi/5.4.1/../../../arm-none-eabi/lib/armv7e-m/fpu/fpv5-d16/libc_nano.a(lib_a-malloc.o)
 .ARM.attributes
                0x0000000000000484       0x32 /usr/lib/gcc/arm-none-eabi/5.4.1/../../../arm-none-eabi/lib/armv7e-m/fpu/fpv5-d16/libc_nano.a(lib_a-memset.o)
 .ARM.attributes
                0x00000000000004b6       0x32 /usr/lib/gcc/arm-none-eabi/5.4.1/../../../arm-none-eabi/lib/armv7e-m/fpu/fpv5-d16/libc_nano.a(lib_a-nano-freer.o)
 .ARM.attributes
                0x00000000000004e8       0x32 /usr/lib/gcc/arm-none-eabi/5.4.1/../../../arm-none-eabi/lib/armv7e-m/fpu/fpv5-d16/libc_nano.a(lib_a-nano-mallocr.o)
 .ARM.attributes
                0x000000000000051a       0x32 /usr/lib/gcc/arm-none-eabi/5.4.1/../../../arm-none-eabi/lib/armv7e-m/fpu/fpv5-d16/libc_nano.a(lib_a-sbrkr.o)
 .ARM.attributes
                0x000000000000054c       0x1e /usr/lib/gcc/arm-none-eabi/5.4.1/../../../arm-none-eabi/lib/armv7e-m/fpu/fpv5-d16/libc_nano.a(lib_a-strlen.o)
 .ARM.attributes
                0x000000000000056a       0x32 /usr/lib/gcc/arm-none-eabi/5.4.1/../../../arm-none-eabi/lib/armv7e-m/fpu/fpv5-d16/libc_nano.a(lib_a-__atexit.o)
 .ARM.attributes
                0x000000000000059c       0x32 /usr/lib/gcc/arm-none-eabi/5.4.1/../../../arm-none-eabi/lib/armv7e-m/fpu/fpv5-d16/libc_nano.a(lib_a-__call_atexit.o)
 .ARM.attributes
                0x00000000000005ce       0x32 /usr/lib/gcc/arm-none-eabi/5.4.1/../../../arm-none-eabi/lib/armv7e-m/fpu/fpv5-d16/libc_nano.a(lib_a-reent.o)
 .ARM.attributes
                0x0000000000000600       0x32 /usr/lib/gcc/arm-none-eabi/5.4.1/../../../arm-none-eabi/lib/armv7e-m/fpu/fpv5-d16/libnosys.a(sbrk.o)
 .ARM.attributes
                0x0000000000000632       0x32 /usr/lib/gcc/arm-none-eabi/5.4.1/../../../arm-none-eabi/lib/armv7e-m/fpu/fpv5-d16/libnosys.a(_exit.o)
 .ARM.attributes
                0x0000000000000664       0x32 /usr/lib/gcc/arm-none-eabi/5.4.1/armv7e-m/fpu/fpv5-d16/crtend.o
 .ARM.attributes
                0x0000000000000696       0x20 /usr/lib/gcc/arm-none-eabi/5.4.1/armv7e-m/fpu/fpv5-d16/crtn.o
                0x0000000000000001                ASSERT ((__StackLimit >= __HeapLimit), region m_data overflowed with stack and heap)
OUTPUT(debug/hello_world.elf elf32-littlearm)

.comment        0x0000000000000000       0x2b
 .comment       0x0000000000000000       0x2b /usr/lib/gcc/arm-none-eabi/5.4.1/armv7e-m/fpu/fpv5-d16/crtbegin.o
                                         0x2c (size before relaxing)
 .comment       0x000000000000002b       0x2c CMakeFiles/hello_world.elf.dir/opt/IMX_SDK/SDK_ARM_LINUX/boards/evkmimxrt1064/demo_apps/hello_world/hello_world.c.obj
 .comment       0x000000000000002b       0x2c CMakeFiles/hello_world.elf.dir/opt/IMX_SDK/SDK_ARM_LINUX/boards/evkmimxrt1064/demo_apps/hello_world/pin_mux.c.obj
 .comment       0x000000000000002b       0x2c CMakeFiles/hello_world.elf.dir/opt/IMX_SDK/SDK_ARM_LINUX/boards/evkmimxrt1064/demo_apps/hello_world/board.c.obj
 .comment       0x000000000000002b       0x2c CMakeFiles/hello_world.elf.dir/opt/IMX_SDK/SDK_ARM_LINUX/boards/evkmimxrt1064/demo_apps/hello_world/clock_config.c.obj
 .comment       0x000000000000002b       0x2c CMakeFiles/hello_world.elf.dir/opt/IMX_SDK/SDK_ARM_LINUX/devices/MIMXRT1064/drivers/fsl_clock.c.obj
 .comment       0x000000000000002b       0x2c CMakeFiles/hello_world.elf.dir/opt/IMX_SDK/SDK_ARM_LINUX/devices/MIMXRT1064/system_MIMXRT1064.c.obj
 .comment       0x000000000000002b       0x2c CMakeFiles/hello_world.elf.dir/opt/IMX_SDK/SDK_ARM_LINUX/devices/MIMXRT1064/utilities/debug_console/fsl_debug_console.c.obj
 .comment       0x000000000000002b       0x2c CMakeFiles/hello_world.elf.dir/opt/IMX_SDK/SDK_ARM_LINUX/devices/MIMXRT1064/utilities/str/fsl_str.c.obj
 .comment       0x000000000000002b       0x2c CMakeFiles/hello_world.elf.dir/opt/IMX_SDK/SDK_ARM_LINUX/components/uart/lpuart_adapter.c.obj
 .comment       0x000000000000002b       0x2c CMakeFiles/hello_world.elf.dir/opt/IMX_SDK/SDK_ARM_LINUX/components/serial_manager/serial_manager.c.obj
 .comment       0x000000000000002b       0x2c CMakeFiles/hello_world.elf.dir/opt/IMX_SDK/SDK_ARM_LINUX/components/serial_manager/serial_port_uart.c.obj
 .comment       0x000000000000002b       0x2c CMakeFiles/hello_world.elf.dir/opt/IMX_SDK/SDK_ARM_LINUX/devices/MIMXRT1064/drivers/fsl_lpuart.c.obj
 .comment       0x000000000000002b       0x2c CMakeFiles/hello_world.elf.dir/opt/IMX_SDK/SDK_ARM_LINUX/devices/MIMXRT1064/utilities/fsl_assert.c.obj
 .comment       0x000000000000002b       0x2c /usr/lib/gcc/arm-none-eabi/5.4.1/../../../arm-none-eabi/lib/armv7e-m/fpu/fpv5-d16/libc_nano.a(lib_a-atexit.o)
 .comment       0x000000000000002b       0x2c /usr/lib/gcc/arm-none-eabi/5.4.1/../../../arm-none-eabi/lib/armv7e-m/fpu/fpv5-d16/libc_nano.a(lib_a-exit.o)
 .comment       0x000000000000002b       0x2c /usr/lib/gcc/arm-none-eabi/5.4.1/../../../arm-none-eabi/lib/armv7e-m/fpu/fpv5-d16/libc_nano.a(lib_a-fini.o)
 .comment       0x000000000000002b       0x2c /usr/lib/gcc/arm-none-eabi/5.4.1/../../../arm-none-eabi/lib/armv7e-m/fpu/fpv5-d16/libc_nano.a(lib_a-impure.o)
 .comment       0x000000000000002b       0x2c /usr/lib/gcc/arm-none-eabi/5.4.1/../../../arm-none-eabi/lib/armv7e-m/fpu/fpv5-d16/libc_nano.a(lib_a-init.o)
 .comment       0x000000000000002b       0x2c /usr/lib/gcc/arm-none-eabi/5.4.1/../../../arm-none-eabi/lib/armv7e-m/fpu/fpv5-d16/libc_nano.a(lib_a-malloc.o)
 .comment       0x000000000000002b       0x2c /usr/lib/gcc/arm-none-eabi/5.4.1/../../../arm-none-eabi/lib/armv7e-m/fpu/fpv5-d16/libc_nano.a(lib_a-memset.o)
 .comment       0x000000000000002b       0x2c /usr/lib/gcc/arm-none-eabi/5.4.1/../../../arm-none-eabi/lib/armv7e-m/fpu/fpv5-d16/libc_nano.a(lib_a-nano-freer.o)
 .comment       0x000000000000002b       0x2c /usr/lib/gcc/arm-none-eabi/5.4.1/../../../arm-none-eabi/lib/armv7e-m/fpu/fpv5-d16/libc_nano.a(lib_a-nano-mallocr.o)
 .comment       0x000000000000002b       0x2c /usr/lib/gcc/arm-none-eabi/5.4.1/../../../arm-none-eabi/lib/armv7e-m/fpu/fpv5-d16/libc_nano.a(lib_a-sbrkr.o)
 .comment       0x000000000000002b       0x2c /usr/lib/gcc/arm-none-eabi/5.4.1/../../../arm-none-eabi/lib/armv7e-m/fpu/fpv5-d16/libc_nano.a(lib_a-__atexit.o)
 .comment       0x000000000000002b       0x2c /usr/lib/gcc/arm-none-eabi/5.4.1/../../../arm-none-eabi/lib/armv7e-m/fpu/fpv5-d16/libc_nano.a(lib_a-__call_atexit.o)
 .comment       0x000000000000002b       0x2c /usr/lib/gcc/arm-none-eabi/5.4.1/../../../arm-none-eabi/lib/armv7e-m/fpu/fpv5-d16/libc_nano.a(lib_a-reent.o)
 .comment       0x000000000000002b       0x2c /usr/lib/gcc/arm-none-eabi/5.4.1/../../../arm-none-eabi/lib/armv7e-m/fpu/fpv5-d16/libnosys.a(sbrk.o)
 .comment       0x000000000000002b       0x2c /usr/lib/gcc/arm-none-eabi/5.4.1/../../../arm-none-eabi/lib/armv7e-m/fpu/fpv5-d16/libnosys.a(_exit.o)
 .comment       0x000000000000002b       0x2c /usr/lib/gcc/arm-none-eabi/5.4.1/armv7e-m/fpu/fpv5-d16/crtend.o

.debug_line     0x0000000000000000     0x48ab
 .debug_line    0x0000000000000000       0x81 /usr/lib/gcc/arm-none-eabi/5.4.1/../../../arm-none-eabi/lib/armv7e-m/fpu/fpv5-d16/crt0.o
 .debug_line    0x0000000000000081      0x1ce CMakeFiles/hello_world.elf.dir/opt/IMX_SDK/SDK_ARM_LINUX/boards/evkmimxrt1064/demo_apps/hello_world/hello_world.c.obj
 .debug_line    0x000000000000024f      0x2c0 CMakeFiles/hello_world.elf.dir/opt/IMX_SDK/SDK_ARM_LINUX/boards/evkmimxrt1064/demo_apps/hello_world/pin_mux.c.obj
 .debug_line    0x000000000000050f      0x531 CMakeFiles/hello_world.elf.dir/opt/IMX_SDK/SDK_ARM_LINUX/boards/evkmimxrt1064/demo_apps/hello_world/board.c.obj
 .debug_line    0x0000000000000a40      0x41d CMakeFiles/hello_world.elf.dir/opt/IMX_SDK/SDK_ARM_LINUX/boards/evkmimxrt1064/demo_apps/hello_world/clock_config.c.obj
 .debug_line    0x0000000000000e5d      0x75b CMakeFiles/hello_world.elf.dir/opt/IMX_SDK/SDK_ARM_LINUX/devices/MIMXRT1064/drivers/fsl_clock.c.obj
 .debug_line    0x00000000000015b8      0x28b CMakeFiles/hello_world.elf.dir/opt/IMX_SDK/SDK_ARM_LINUX/devices/MIMXRT1064/system_MIMXRT1064.c.obj
 .debug_line    0x0000000000001843      0x4b3 CMakeFiles/hello_world.elf.dir/opt/IMX_SDK/SDK_ARM_LINUX/devices/MIMXRT1064/utilities/debug_console/fsl_debug_console.c.obj
 .debug_line    0x0000000000001cf6      0x4a1 CMakeFiles/hello_world.elf.dir/opt/IMX_SDK/SDK_ARM_LINUX/devices/MIMXRT1064/utilities/str/fsl_str.c.obj
 .debug_line    0x0000000000002197      0x31f CMakeFiles/hello_world.elf.dir/opt/IMX_SDK/SDK_ARM_LINUX/components/uart/lpuart_adapter.c.obj
 .debug_line    0x00000000000024b6      0x3aa CMakeFiles/hello_world.elf.dir/opt/IMX_SDK/SDK_ARM_LINUX/components/serial_manager/serial_manager.c.obj
 .debug_line    0x0000000000002860      0x2e9 CMakeFiles/hello_world.elf.dir/opt/IMX_SDK/SDK_ARM_LINUX/components/serial_manager/serial_port_uart.c.obj
 .debug_line    0x0000000000002b49      0x927 CMakeFiles/hello_world.elf.dir/opt/IMX_SDK/SDK_ARM_LINUX/devices/MIMXRT1064/drivers/fsl_lpuart.c.obj
 .debug_line    0x0000000000003470      0x1e1 CMakeFiles/hello_world.elf.dir/opt/IMX_SDK/SDK_ARM_LINUX/devices/MIMXRT1064/gcc/startup_MIMXRT1064.S.obj
 .debug_line    0x0000000000003651      0x1d6 CMakeFiles/hello_world.elf.dir/opt/IMX_SDK/SDK_ARM_LINUX/devices/MIMXRT1064/utilities/fsl_assert.c.obj
 .debug_line    0x0000000000003827       0xbb /usr/lib/gcc/arm-none-eabi/5.4.1/../../../arm-none-eabi/lib/armv7e-m/fpu/fpv5-d16/libc_nano.a(lib_a-atexit.o)
 .debug_line    0x00000000000038e2      0x158 /usr/lib/gcc/arm-none-eabi/5.4.1/../../../arm-none-eabi/lib/armv7e-m/fpu/fpv5-d16/libc_nano.a(lib_a-exit.o)
 .debug_line    0x0000000000003a3a       0xa2 /usr/lib/gcc/arm-none-eabi/5.4.1/../../../arm-none-eabi/lib/armv7e-m/fpu/fpv5-d16/libc_nano.a(lib_a-fini.o)
 .debug_line    0x0000000000003adc       0xec /usr/lib/gcc/arm-none-eabi/5.4.1/../../../arm-none-eabi/lib/armv7e-m/fpu/fpv5-d16/libc_nano.a(lib_a-impure.o)
 .debug_line    0x0000000000003bc8       0xbb /usr/lib/gcc/arm-none-eabi/5.4.1/../../../arm-none-eabi/lib/armv7e-m/fpu/fpv5-d16/libc_nano.a(lib_a-init.o)
 .debug_line    0x0000000000003c83      0x14b /usr/lib/gcc/arm-none-eabi/5.4.1/../../../arm-none-eabi/lib/armv7e-m/fpu/fpv5-d16/libc_nano.a(lib_a-malloc.o)
 .debug_line    0x0000000000003dce      0x114 /usr/lib/gcc/arm-none-eabi/5.4.1/../../../arm-none-eabi/lib/armv7e-m/fpu/fpv5-d16/libc_nano.a(lib_a-memset.o)
 .debug_line    0x0000000000003ee2      0x150 /usr/lib/gcc/arm-none-eabi/5.4.1/../../../arm-none-eabi/lib/armv7e-m/fpu/fpv5-d16/libc_nano.a(lib_a-nano-freer.o)
 .debug_line    0x0000000000004032      0x19a /usr/lib/gcc/arm-none-eabi/5.4.1/../../../arm-none-eabi/lib/armv7e-m/fpu/fpv5-d16/libc_nano.a(lib_a-nano-mallocr.o)
 .debug_line    0x00000000000041cc      0x151 /usr/lib/gcc/arm-none-eabi/5.4.1/../../../arm-none-eabi/lib/armv7e-m/fpu/fpv5-d16/libc_nano.a(lib_a-sbrkr.o)
 .debug_line    0x000000000000431d       0xaf /usr/lib/gcc/arm-none-eabi/5.4.1/../../../arm-none-eabi/lib/armv7e-m/fpu/fpv5-d16/libc_nano.a(lib_a-strlen.o)
 .debug_line    0x00000000000043cc      0x143 /usr/lib/gcc/arm-none-eabi/5.4.1/../../../arm-none-eabi/lib/armv7e-m/fpu/fpv5-d16/libc_nano.a(lib_a-__atexit.o)
 .debug_line    0x000000000000450f      0x161 /usr/lib/gcc/arm-none-eabi/5.4.1/../../../arm-none-eabi/lib/armv7e-m/fpu/fpv5-d16/libc_nano.a(lib_a-__call_atexit.o)
 .debug_line    0x0000000000004670      0x17f /usr/lib/gcc/arm-none-eabi/5.4.1/../../../arm-none-eabi/lib/armv7e-m/fpu/fpv5-d16/libc_nano.a(lib_a-reent.o)
 .debug_line    0x00000000000047ef       0x5e /usr/lib/gcc/arm-none-eabi/5.4.1/../../../arm-none-eabi/lib/armv7e-m/fpu/fpv5-d16/libnosys.a(sbrk.o)
 .debug_line    0x000000000000484d       0x5e /usr/lib/gcc/arm-none-eabi/5.4.1/../../../arm-none-eabi/lib/armv7e-m/fpu/fpv5-d16/libnosys.a(_exit.o)

.debug_info     0x0000000000000000     0xe9fa
 .debug_info    0x0000000000000000       0xb1 /usr/lib/gcc/arm-none-eabi/5.4.1/../../../arm-none-eabi/lib/armv7e-m/fpu/fpv5-d16/crt0.o
 .debug_info    0x00000000000000b1       0xe6 CMakeFiles/hello_world.elf.dir/opt/IMX_SDK/SDK_ARM_LINUX/boards/evkmimxrt1064/demo_apps/hello_world/hello_world.c.obj
 .debug_info    0x0000000000000197      0x7eb CMakeFiles/hello_world.elf.dir/opt/IMX_SDK/SDK_ARM_LINUX/boards/evkmimxrt1064/demo_apps/hello_world/pin_mux.c.obj
 .debug_info    0x0000000000000982      0xf1b CMakeFiles/hello_world.elf.dir/opt/IMX_SDK/SDK_ARM_LINUX/boards/evkmimxrt1064/demo_apps/hello_world/board.c.obj
 .debug_info    0x000000000000189d     0x17ee CMakeFiles/hello_world.elf.dir/opt/IMX_SDK/SDK_ARM_LINUX/boards/evkmimxrt1064/demo_apps/hello_world/clock_config.c.obj
 .debug_info    0x000000000000308b     0x1ec2 CMakeFiles/hello_world.elf.dir/opt/IMX_SDK/SDK_ARM_LINUX/devices/MIMXRT1064/drivers/fsl_clock.c.obj
 .debug_info    0x0000000000004f4d      0xc04 CMakeFiles/hello_world.elf.dir/opt/IMX_SDK/SDK_ARM_LINUX/devices/MIMXRT1064/system_MIMXRT1064.c.obj
 .debug_info    0x0000000000005b51      0xacb CMakeFiles/hello_world.elf.dir/opt/IMX_SDK/SDK_ARM_LINUX/devices/MIMXRT1064/utilities/debug_console/fsl_debug_console.c.obj
 .debug_info    0x000000000000661c      0x4f5 CMakeFiles/hello_world.elf.dir/opt/IMX_SDK/SDK_ARM_LINUX/devices/MIMXRT1064/utilities/str/fsl_str.c.obj
 .debug_info    0x0000000000006b11      0x9d2 CMakeFiles/hello_world.elf.dir/opt/IMX_SDK/SDK_ARM_LINUX/components/uart/lpuart_adapter.c.obj
 .debug_info    0x00000000000074e3      0x820 CMakeFiles/hello_world.elf.dir/opt/IMX_SDK/SDK_ARM_LINUX/components/serial_manager/serial_manager.c.obj
 .debug_info    0x0000000000007d03      0x509 CMakeFiles/hello_world.elf.dir/opt/IMX_SDK/SDK_ARM_LINUX/components/serial_manager/serial_port_uart.c.obj
 .debug_info    0x000000000000820c     0x226a CMakeFiles/hello_world.elf.dir/opt/IMX_SDK/SDK_ARM_LINUX/devices/MIMXRT1064/drivers/fsl_lpuart.c.obj
 .debug_info    0x000000000000a476       0xba CMakeFiles/hello_world.elf.dir/opt/IMX_SDK/SDK_ARM_LINUX/devices/MIMXRT1064/gcc/startup_MIMXRT1064.S.obj
 .debug_info    0x000000000000a530      0x118 CMakeFiles/hello_world.elf.dir/opt/IMX_SDK/SDK_ARM_LINUX/devices/MIMXRT1064/utilities/fsl_assert.c.obj
 .debug_info    0x000000000000a648       0xfe /usr/lib/gcc/arm-none-eabi/5.4.1/../../../arm-none-eabi/lib/armv7e-m/fpu/fpv5-d16/libc_nano.a(lib_a-atexit.o)
 .debug_info    0x000000000000a746      0x7a0 /usr/lib/gcc/arm-none-eabi/5.4.1/../../../arm-none-eabi/lib/armv7e-m/fpu/fpv5-d16/libc_nano.a(lib_a-exit.o)
 .debug_info    0x000000000000aee6       0xfa /usr/lib/gcc/arm-none-eabi/5.4.1/../../../arm-none-eabi/lib/armv7e-m/fpu/fpv5-d16/libc_nano.a(lib_a-fini.o)
 .debug_info    0x000000000000afe0      0x7da /usr/lib/gcc/arm-none-eabi/5.4.1/../../../arm-none-eabi/lib/armv7e-m/fpu/fpv5-d16/libc_nano.a(lib_a-impure.o)
 .debug_info    0x000000000000b7ba      0x110 /usr/lib/gcc/arm-none-eabi/5.4.1/../../../arm-none-eabi/lib/armv7e-m/fpu/fpv5-d16/libc_nano.a(lib_a-init.o)
 .debug_info    0x000000000000b8ca      0x7b2 /usr/lib/gcc/arm-none-eabi/5.4.1/../../../arm-none-eabi/lib/armv7e-m/fpu/fpv5-d16/libc_nano.a(lib_a-malloc.o)
 .debug_info    0x000000000000c07c      0x11e /usr/lib/gcc/arm-none-eabi/5.4.1/../../../arm-none-eabi/lib/armv7e-m/fpu/fpv5-d16/libc_nano.a(lib_a-memset.o)
 .debug_info    0x000000000000c19a      0x825 /usr/lib/gcc/arm-none-eabi/5.4.1/../../../arm-none-eabi/lib/armv7e-m/fpu/fpv5-d16/libc_nano.a(lib_a-nano-freer.o)
 .debug_info    0x000000000000c9bf      0x8ec /usr/lib/gcc/arm-none-eabi/5.4.1/../../../arm-none-eabi/lib/armv7e-m/fpu/fpv5-d16/libc_nano.a(lib_a-nano-mallocr.o)
 .debug_info    0x000000000000d2ab      0x7a1 /usr/lib/gcc/arm-none-eabi/5.4.1/../../../arm-none-eabi/lib/armv7e-m/fpu/fpv5-d16/libc_nano.a(lib_a-sbrkr.o)
 .debug_info    0x000000000000da4c       0xda /usr/lib/gcc/arm-none-eabi/5.4.1/../../../arm-none-eabi/lib/armv7e-m/fpu/fpv5-d16/libc_nano.a(lib_a-strlen.o)
 .debug_info    0x000000000000db26      0x25e /usr/lib/gcc/arm-none-eabi/5.4.1/../../../arm-none-eabi/lib/armv7e-m/fpu/fpv5-d16/libc_nano.a(lib_a-__atexit.o)
 .debug_info    0x000000000000dd84      0x243 /usr/lib/gcc/arm-none-eabi/5.4.1/../../../arm-none-eabi/lib/armv7e-m/fpu/fpv5-d16/libc_nano.a(lib_a-__call_atexit.o)
 .debug_info    0x000000000000dfc7      0x8fc /usr/lib/gcc/arm-none-eabi/5.4.1/../../../arm-none-eabi/lib/armv7e-m/fpu/fpv5-d16/libc_nano.a(lib_a-reent.o)
 .debug_info    0x000000000000e8c3       0x9d /usr/lib/gcc/arm-none-eabi/5.4.1/../../../arm-none-eabi/lib/armv7e-m/fpu/fpv5-d16/libnosys.a(sbrk.o)
 .debug_info    0x000000000000e960       0x9a /usr/lib/gcc/arm-none-eabi/5.4.1/../../../arm-none-eabi/lib/armv7e-m/fpu/fpv5-d16/libnosys.a(_exit.o)

.debug_abbrev   0x0000000000000000     0x2880
 .debug_abbrev  0x0000000000000000       0x14 /usr/lib/gcc/arm-none-eabi/5.4.1/../../../arm-none-eabi/lib/armv7e-m/fpu/fpv5-d16/crt0.o
 .debug_abbrev  0x0000000000000014       0x89 CMakeFiles/hello_world.elf.dir/opt/IMX_SDK/SDK_ARM_LINUX/boards/evkmimxrt1064/demo_apps/hello_world/hello_world.c.obj
 .debug_abbrev  0x000000000000009d      0x166 CMakeFiles/hello_world.elf.dir/opt/IMX_SDK/SDK_ARM_LINUX/boards/evkmimxrt1064/demo_apps/hello_world/pin_mux.c.obj
 .debug_abbrev  0x0000000000000203      0x276 CMakeFiles/hello_world.elf.dir/opt/IMX_SDK/SDK_ARM_LINUX/boards/evkmimxrt1064/demo_apps/hello_world/board.c.obj
 .debug_abbrev  0x0000000000000479      0x1d4 CMakeFiles/hello_world.elf.dir/opt/IMX_SDK/SDK_ARM_LINUX/boards/evkmimxrt1064/demo_apps/hello_world/clock_config.c.obj
 .debug_abbrev  0x000000000000064d      0x360 CMakeFiles/hello_world.elf.dir/opt/IMX_SDK/SDK_ARM_LINUX/devices/MIMXRT1064/drivers/fsl_clock.c.obj
 .debug_abbrev  0x00000000000009ad      0x169 CMakeFiles/hello_world.elf.dir/opt/IMX_SDK/SDK_ARM_LINUX/devices/MIMXRT1064/system_MIMXRT1064.c.obj
 .debug_abbrev  0x0000000000000b16      0x1ad CMakeFiles/hello_world.elf.dir/opt/IMX_SDK/SDK_ARM_LINUX/devices/MIMXRT1064/utilities/debug_console/fsl_debug_console.c.obj
 .debug_abbrev  0x0000000000000cc3      0x186 CMakeFiles/hello_world.elf.dir/opt/IMX_SDK/SDK_ARM_LINUX/devices/MIMXRT1064/utilities/str/fsl_str.c.obj
 .debug_abbrev  0x0000000000000e49      0x18c CMakeFiles/hello_world.elf.dir/opt/IMX_SDK/SDK_ARM_LINUX/components/uart/lpuart_adapter.c.obj
 .debug_abbrev  0x0000000000000fd5      0x14c CMakeFiles/hello_world.elf.dir/opt/IMX_SDK/SDK_ARM_LINUX/components/serial_manager/serial_manager.c.obj
 .debug_abbrev  0x0000000000001121      0x149 CMakeFiles/hello_world.elf.dir/opt/IMX_SDK/SDK_ARM_LINUX/components/serial_manager/serial_port_uart.c.obj
 .debug_abbrev  0x000000000000126a      0x2ea CMakeFiles/hello_world.elf.dir/opt/IMX_SDK/SDK_ARM_LINUX/devices/MIMXRT1064/drivers/fsl_lpuart.c.obj
 .debug_abbrev  0x0000000000001554       0x14 CMakeFiles/hello_world.elf.dir/opt/IMX_SDK/SDK_ARM_LINUX/devices/MIMXRT1064/gcc/startup_MIMXRT1064.S.obj
 .debug_abbrev  0x0000000000001568       0x9a CMakeFiles/hello_world.elf.dir/opt/IMX_SDK/SDK_ARM_LINUX/devices/MIMXRT1064/utilities/fsl_assert.c.obj
 .debug_abbrev  0x0000000000001602       0xaa /usr/lib/gcc/arm-none-eabi/5.4.1/../../../arm-none-eabi/lib/armv7e-m/fpu/fpv5-d16/libc_nano.a(lib_a-atexit.o)
 .debug_abbrev  0x00000000000016ac      0x18e /usr/lib/gcc/arm-none-eabi/5.4.1/../../../arm-none-eabi/lib/armv7e-m/fpu/fpv5-d16/libc_nano.a(lib_a-exit.o)
 .debug_abbrev  0x000000000000183a       0xbd /usr/lib/gcc/arm-none-eabi/5.4.1/../../../arm-none-eabi/lib/armv7e-m/fpu/fpv5-d16/libc_nano.a(lib_a-fini.o)
 .debug_abbrev  0x00000000000018f7      0x136 /usr/lib/gcc/arm-none-eabi/5.4.1/../../../arm-none-eabi/lib/armv7e-m/fpu/fpv5-d16/libc_nano.a(lib_a-impure.o)
 .debug_abbrev  0x0000000000001a2d       0xba /usr/lib/gcc/arm-none-eabi/5.4.1/../../../arm-none-eabi/lib/armv7e-m/fpu/fpv5-d16/libc_nano.a(lib_a-init.o)
 .debug_abbrev  0x0000000000001ae7      0x18a /usr/lib/gcc/arm-none-eabi/5.4.1/../../../arm-none-eabi/lib/armv7e-m/fpu/fpv5-d16/libc_nano.a(lib_a-malloc.o)
 .debug_abbrev  0x0000000000001c71       0x9f /usr/lib/gcc/arm-none-eabi/5.4.1/../../../arm-none-eabi/lib/armv7e-m/fpu/fpv5-d16/libc_nano.a(lib_a-memset.o)
 .debug_abbrev  0x0000000000001d10      0x1b8 /usr/lib/gcc/arm-none-eabi/5.4.1/../../../arm-none-eabi/lib/armv7e-m/fpu/fpv5-d16/libc_nano.a(lib_a-nano-freer.o)
 .debug_abbrev  0x0000000000001ec8      0x22e /usr/lib/gcc/arm-none-eabi/5.4.1/../../../arm-none-eabi/lib/armv7e-m/fpu/fpv5-d16/libc_nano.a(lib_a-nano-mallocr.o)
 .debug_abbrev  0x00000000000020f6      0x1a0 /usr/lib/gcc/arm-none-eabi/5.4.1/../../../arm-none-eabi/lib/armv7e-m/fpu/fpv5-d16/libc_nano.a(lib_a-sbrkr.o)
 .debug_abbrev  0x0000000000002296       0x14 /usr/lib/gcc/arm-none-eabi/5.4.1/../../../arm-none-eabi/lib/armv7e-m/fpu/fpv5-d16/libc_nano.a(lib_a-strlen.o)
 .debug_abbrev  0x00000000000022aa      0x19c /usr/lib/gcc/arm-none-eabi/5.4.1/../../../arm-none-eabi/lib/armv7e-m/fpu/fpv5-d16/libc_nano.a(lib_a-__atexit.o)
 .debug_abbrev  0x0000000000002446      0x164 /usr/lib/gcc/arm-none-eabi/5.4.1/../../../arm-none-eabi/lib/armv7e-m/fpu/fpv5-d16/libc_nano.a(lib_a-__call_atexit.o)
 .debug_abbrev  0x00000000000025aa      0x1f2 /usr/lib/gcc/arm-none-eabi/5.4.1/../../../arm-none-eabi/lib/armv7e-m/fpu/fpv5-d16/libc_nano.a(lib_a-reent.o)
 .debug_abbrev  0x000000000000279c       0x83 /usr/lib/gcc/arm-none-eabi/5.4.1/../../../arm-none-eabi/lib/armv7e-m/fpu/fpv5-d16/libnosys.a(sbrk.o)
 .debug_abbrev  0x000000000000281f       0x61 /usr/lib/gcc/arm-none-eabi/5.4.1/../../../arm-none-eabi/lib/armv7e-m/fpu/fpv5-d16/libnosys.a(_exit.o)

.debug_aranges  0x0000000000000000      0x8a8
 .debug_aranges
                0x0000000000000000       0x20 /usr/lib/gcc/arm-none-eabi/5.4.1/../../../arm-none-eabi/lib/armv7e-m/fpu/fpv5-d16/crt0.o
 .debug_aranges
                0x0000000000000020       0x20 CMakeFiles/hello_world.elf.dir/opt/IMX_SDK/SDK_ARM_LINUX/boards/evkmimxrt1064/demo_apps/hello_world/hello_world.c.obj
 .debug_aranges
                0x0000000000000040       0x48 CMakeFiles/hello_world.elf.dir/opt/IMX_SDK/SDK_ARM_LINUX/boards/evkmimxrt1064/demo_apps/hello_world/pin_mux.c.obj
 .debug_aranges
                0x0000000000000088       0x90 CMakeFiles/hello_world.elf.dir/opt/IMX_SDK/SDK_ARM_LINUX/boards/evkmimxrt1064/demo_apps/hello_world/board.c.obj
 .debug_aranges
                0x0000000000000118       0x78 CMakeFiles/hello_world.elf.dir/opt/IMX_SDK/SDK_ARM_LINUX/boards/evkmimxrt1064/demo_apps/hello_world/clock_config.c.obj
 .debug_aranges
                0x0000000000000190      0x178 CMakeFiles/hello_world.elf.dir/opt/IMX_SDK/SDK_ARM_LINUX/devices/MIMXRT1064/drivers/fsl_clock.c.obj
 .debug_aranges
                0x0000000000000308       0x40 CMakeFiles/hello_world.elf.dir/opt/IMX_SDK/SDK_ARM_LINUX/devices/MIMXRT1064/system_MIMXRT1064.c.obj
 .debug_aranges
                0x0000000000000348       0x90 CMakeFiles/hello_world.elf.dir/opt/IMX_SDK/SDK_ARM_LINUX/devices/MIMXRT1064/utilities/debug_console/fsl_debug_console.c.obj
 .debug_aranges
                0x00000000000003d8       0x38 CMakeFiles/hello_world.elf.dir/opt/IMX_SDK/SDK_ARM_LINUX/devices/MIMXRT1064/utilities/str/fsl_str.c.obj
 .debug_aranges
                0x0000000000000410       0x40 CMakeFiles/hello_world.elf.dir/opt/IMX_SDK/SDK_ARM_LINUX/components/uart/lpuart_adapter.c.obj
 .debug_aranges
                0x0000000000000450       0x88 CMakeFiles/hello_world.elf.dir/opt/IMX_SDK/SDK_ARM_LINUX/components/serial_manager/serial_manager.c.obj
 .debug_aranges
                0x00000000000004d8       0x38 CMakeFiles/hello_world.elf.dir/opt/IMX_SDK/SDK_ARM_LINUX/components/serial_manager/serial_port_uart.c.obj
 .debug_aranges
                0x0000000000000510      0x160 CMakeFiles/hello_world.elf.dir/opt/IMX_SDK/SDK_ARM_LINUX/devices/MIMXRT1064/drivers/fsl_lpuart.c.obj
 .debug_aranges
                0x0000000000000670       0x20 CMakeFiles/hello_world.elf.dir/opt/IMX_SDK/SDK_ARM_LINUX/devices/MIMXRT1064/gcc/startup_MIMXRT1064.S.obj
 .debug_aranges
                0x0000000000000690       0x20 CMakeFiles/hello_world.elf.dir/opt/IMX_SDK/SDK_ARM_LINUX/devices/MIMXRT1064/utilities/fsl_assert.c.obj
 .debug_aranges
                0x00000000000006b0       0x20 /usr/lib/gcc/arm-none-eabi/5.4.1/../../../arm-none-eabi/lib/armv7e-m/fpu/fpv5-d16/libc_nano.a(lib_a-atexit.o)
 .debug_aranges
                0x00000000000006d0       0x20 /usr/lib/gcc/arm-none-eabi/5.4.1/../../../arm-none-eabi/lib/armv7e-m/fpu/fpv5-d16/libc_nano.a(lib_a-exit.o)
 .debug_aranges
                0x00000000000006f0       0x20 /usr/lib/gcc/arm-none-eabi/5.4.1/../../../arm-none-eabi/lib/armv7e-m/fpu/fpv5-d16/libc_nano.a(lib_a-fini.o)
 .debug_aranges
                0x0000000000000710       0x18 /usr/lib/gcc/arm-none-eabi/5.4.1/../../../arm-none-eabi/lib/armv7e-m/fpu/fpv5-d16/libc_nano.a(lib_a-impure.o)
 .debug_aranges
                0x0000000000000728       0x20 /usr/lib/gcc/arm-none-eabi/5.4.1/../../../arm-none-eabi/lib/armv7e-m/fpu/fpv5-d16/libc_nano.a(lib_a-init.o)
 .debug_aranges
                0x0000000000000748       0x20 /usr/lib/gcc/arm-none-eabi/5.4.1/../../../arm-none-eabi/lib/armv7e-m/fpu/fpv5-d16/libc_nano.a(lib_a-malloc.o)
 .debug_aranges
                0x0000000000000768       0x20 /usr/lib/gcc/arm-none-eabi/5.4.1/../../../arm-none-eabi/lib/armv7e-m/fpu/fpv5-d16/libc_nano.a(lib_a-memset.o)
 .debug_aranges
                0x0000000000000788       0x20 /usr/lib/gcc/arm-none-eabi/5.4.1/../../../arm-none-eabi/lib/armv7e-m/fpu/fpv5-d16/libc_nano.a(lib_a-nano-freer.o)
 .debug_aranges
                0x00000000000007a8       0x20 /usr/lib/gcc/arm-none-eabi/5.4.1/../../../arm-none-eabi/lib/armv7e-m/fpu/fpv5-d16/libc_nano.a(lib_a-nano-mallocr.o)
 .debug_aranges
                0x00000000000007c8       0x20 /usr/lib/gcc/arm-none-eabi/5.4.1/../../../arm-none-eabi/lib/armv7e-m/fpu/fpv5-d16/libc_nano.a(lib_a-sbrkr.o)
 .debug_aranges
                0x00000000000007e8       0x20 /usr/lib/gcc/arm-none-eabi/5.4.1/../../../arm-none-eabi/lib/armv7e-m/fpu/fpv5-d16/libc_nano.a(lib_a-strlen.o)
 .debug_aranges
                0x0000000000000808       0x20 /usr/lib/gcc/arm-none-eabi/5.4.1/../../../arm-none-eabi/lib/armv7e-m/fpu/fpv5-d16/libc_nano.a(lib_a-__atexit.o)
 .debug_aranges
                0x0000000000000828       0x20 /usr/lib/gcc/arm-none-eabi/5.4.1/../../../arm-none-eabi/lib/armv7e-m/fpu/fpv5-d16/libc_nano.a(lib_a-__call_atexit.o)
 .debug_aranges
                0x0000000000000848       0x20 /usr/lib/gcc/arm-none-eabi/5.4.1/../../../arm-none-eabi/lib/armv7e-m/fpu/fpv5-d16/libc_nano.a(lib_a-reent.o)
 .debug_aranges
                0x0000000000000868       0x20 /usr/lib/gcc/arm-none-eabi/5.4.1/../../../arm-none-eabi/lib/armv7e-m/fpu/fpv5-d16/libnosys.a(sbrk.o)
 .debug_aranges
                0x0000000000000888       0x20 /usr/lib/gcc/arm-none-eabi/5.4.1/../../../arm-none-eabi/lib/armv7e-m/fpu/fpv5-d16/libnosys.a(_exit.o)
